Archive member included to satisfy reference by file (symbol)

d:/courses/emb/stm32cubeide_1.7.0/stm32cubeide/plugins/com.st.stm32cube.ide.mcu.externaltools.gnu-tools-for-stm32.9-2020-q2-update.win32_2.0.0.202105311346/tools/bin/../lib/gcc/arm-none-eabi/9.3.1/../../../../arm-none-eabi/lib/thumb/v7e-m+fp/hard\libc_nano.a(lib_a-errno.o)
                              ./Core/Src/syscalls.o (__errno)
d:/courses/emb/stm32cubeide_1.7.0/stm32cubeide/plugins/com.st.stm32cube.ide.mcu.externaltools.gnu-tools-for-stm32.9-2020-q2-update.win32_2.0.0.202105311346/tools/bin/../lib/gcc/arm-none-eabi/9.3.1/../../../../arm-none-eabi/lib/thumb/v7e-m+fp/hard\libc_nano.a(lib_a-exit.o)
                              d:/courses/emb/stm32cubeide_1.7.0/stm32cubeide/plugins/com.st.stm32cube.ide.mcu.externaltools.gnu-tools-for-stm32.9-2020-q2-update.win32_2.0.0.202105311346/tools/bin/../lib/gcc/arm-none-eabi/9.3.1/../../../../arm-none-eabi/lib/thumb/v7e-m+fp/hard/crt0.o (exit)
d:/courses/emb/stm32cubeide_1.7.0/stm32cubeide/plugins/com.st.stm32cube.ide.mcu.externaltools.gnu-tools-for-stm32.9-2020-q2-update.win32_2.0.0.202105311346/tools/bin/../lib/gcc/arm-none-eabi/9.3.1/../../../../arm-none-eabi/lib/thumb/v7e-m+fp/hard\libc_nano.a(lib_a-impure.o)
                              d:/courses/emb/stm32cubeide_1.7.0/stm32cubeide/plugins/com.st.stm32cube.ide.mcu.externaltools.gnu-tools-for-stm32.9-2020-q2-update.win32_2.0.0.202105311346/tools/bin/../lib/gcc/arm-none-eabi/9.3.1/../../../../arm-none-eabi/lib/thumb/v7e-m+fp/hard\libc_nano.a(lib_a-exit.o) (_global_impure_ptr)
d:/courses/emb/stm32cubeide_1.7.0/stm32cubeide/plugins/com.st.stm32cube.ide.mcu.externaltools.gnu-tools-for-stm32.9-2020-q2-update.win32_2.0.0.202105311346/tools/bin/../lib/gcc/arm-none-eabi/9.3.1/../../../../arm-none-eabi/lib/thumb/v7e-m+fp/hard\libc_nano.a(lib_a-init.o)
                              d:/courses/emb/stm32cubeide_1.7.0/stm32cubeide/plugins/com.st.stm32cube.ide.mcu.externaltools.gnu-tools-for-stm32.9-2020-q2-update.win32_2.0.0.202105311346/tools/bin/../lib/gcc/arm-none-eabi/9.3.1/../../../../arm-none-eabi/lib/thumb/v7e-m+fp/hard/crt0.o (__libc_init_array)
d:/courses/emb/stm32cubeide_1.7.0/stm32cubeide/plugins/com.st.stm32cube.ide.mcu.externaltools.gnu-tools-for-stm32.9-2020-q2-update.win32_2.0.0.202105311346/tools/bin/../lib/gcc/arm-none-eabi/9.3.1/../../../../arm-none-eabi/lib/thumb/v7e-m+fp/hard\libc_nano.a(lib_a-memset.o)
                              d:/courses/emb/stm32cubeide_1.7.0/stm32cubeide/plugins/com.st.stm32cube.ide.mcu.externaltools.gnu-tools-for-stm32.9-2020-q2-update.win32_2.0.0.202105311346/tools/bin/../lib/gcc/arm-none-eabi/9.3.1/../../../../arm-none-eabi/lib/thumb/v7e-m+fp/hard/crt0.o (memset)
d:/courses/emb/stm32cubeide_1.7.0/stm32cubeide/plugins/com.st.stm32cube.ide.mcu.externaltools.gnu-tools-for-stm32.9-2020-q2-update.win32_2.0.0.202105311346/tools/bin/../lib/gcc/arm-none-eabi/9.3.1/../../../../arm-none-eabi/lib/thumb/v7e-m+fp/hard\libc_nano.a(lib_a-sprintf.o)
                              ./Core/Src/lcd.o (sprintf)
d:/courses/emb/stm32cubeide_1.7.0/stm32cubeide/plugins/com.st.stm32cube.ide.mcu.externaltools.gnu-tools-for-stm32.9-2020-q2-update.win32_2.0.0.202105311346/tools/bin/../lib/gcc/arm-none-eabi/9.3.1/../../../../arm-none-eabi/lib/thumb/v7e-m+fp/hard\libc_nano.a(lib_a-strlen.o)
                              ./Core/Src/lcd.o (strlen)
d:/courses/emb/stm32cubeide_1.7.0/stm32cubeide/plugins/com.st.stm32cube.ide.mcu.externaltools.gnu-tools-for-stm32.9-2020-q2-update.win32_2.0.0.202105311346/tools/bin/../lib/gcc/arm-none-eabi/9.3.1/../../../../arm-none-eabi/lib/thumb/v7e-m+fp/hard\libc_nano.a(lib_a-nano-svfprintf.o)
                              d:/courses/emb/stm32cubeide_1.7.0/stm32cubeide/plugins/com.st.stm32cube.ide.mcu.externaltools.gnu-tools-for-stm32.9-2020-q2-update.win32_2.0.0.202105311346/tools/bin/../lib/gcc/arm-none-eabi/9.3.1/../../../../arm-none-eabi/lib/thumb/v7e-m+fp/hard\libc_nano.a(lib_a-sprintf.o) (_svfprintf_r)
d:/courses/emb/stm32cubeide_1.7.0/stm32cubeide/plugins/com.st.stm32cube.ide.mcu.externaltools.gnu-tools-for-stm32.9-2020-q2-update.win32_2.0.0.202105311346/tools/bin/../lib/gcc/arm-none-eabi/9.3.1/../../../../arm-none-eabi/lib/thumb/v7e-m+fp/hard\libc_nano.a(lib_a-nano-vfprintf_i.o)
                              d:/courses/emb/stm32cubeide_1.7.0/stm32cubeide/plugins/com.st.stm32cube.ide.mcu.externaltools.gnu-tools-for-stm32.9-2020-q2-update.win32_2.0.0.202105311346/tools/bin/../lib/gcc/arm-none-eabi/9.3.1/../../../../arm-none-eabi/lib/thumb/v7e-m+fp/hard\libc_nano.a(lib_a-nano-svfprintf.o) (_printf_i)
d:/courses/emb/stm32cubeide_1.7.0/stm32cubeide/plugins/com.st.stm32cube.ide.mcu.externaltools.gnu-tools-for-stm32.9-2020-q2-update.win32_2.0.0.202105311346/tools/bin/../lib/gcc/arm-none-eabi/9.3.1/../../../../arm-none-eabi/lib/thumb/v7e-m+fp/hard\libc_nano.a(lib_a-memchr.o)
[...]
Memory Configuration

Name             Origin             Length             Attributes
CCMRAM           0x0000000010000000 0x0000000000010000 xrw
RAM              0x0000000020000000 0x0000000000020000 xrw
FLASH            0x0000000008000000 0x0000000000100000 xr
*default*        0x0000000000000000 0xffffffffffffffff

Linker script and memory map

LOAD d:/courses/emb/stm32cubeide_1.7.0/stm32cubeide/plugins/com.st.stm32cube.ide.mcu.externaltools.gnu-tools-for-stm32.9-2020-q2-update.win32_2.0.0.202105311346/tools/bin/../lib/gcc/arm-none-eabi/9.3.1/thumb/v7e-m+fp/hard/crti.o
LOAD d:/courses/emb/stm32cubeide_1.7.0/stm32cubeide/plugins/com.st.stm32cube.ide.mcu.externaltools.gnu-tools-for-stm32.9-2020-q2-update.win32_2.0.0.202105311346/tools/bin/../lib/gcc/arm-none-eabi/9.3.1/thumb/v7e-m+fp/hard/crtbegin.o
LOAD d:/courses/emb/stm32cubeide_1.7.0/stm32cubeide/plugins/com.st.stm32cube.ide.mcu.externaltools.gnu-tools-for-stm32.9-2020-q2-update.win32_2.0.0.202105311346/tools/bin/../lib/gcc/arm-none-eabi/9.3.1/../../../../arm-none-eabi/lib/thumb/v7e-m+fp/hard/crt0.o
LOAD ./Core/Src/button.o
LOAD ./Core/Src/ds3231.o
LOAD ./Core/Src/fsmc.o
LOAD ./Core/Src/gpio.o
LOAD ./Core/Src/i2c.o
LOAD ./Core/Src/lcd.o
LOAD ./Core/Src/led_7seg.o
LOAD ./Core/Src/main.o
LOAD ./Core/Src/picture.o
LOAD ./Core/Src/rtc.o
LOAD ./Core/Src/software_timer.o
LOAD ./Core/Src/spi.o
LOAD ./Core/Src/stm32f4xx_hal_msp.o
LOAD ./Core/Src/stm32f4xx_it.o
LOAD ./Core/Src/syscalls.o
LOAD ./Core/Src/sysmem.o
LOAD ./Core/Src/system_stm32f4xx.o
LOAD ./Core/Src/tim.o
LOAD ./Core/Src/utils.o
LOAD ./Core/Startup/startup_stm32f407zgtx.o
LOAD ./Drivers/STM32F4xx_HAL_Driver/Src/stm32f4xx_hal.o
LOAD ./Drivers/STM32F4xx_HAL_Driver/Src/stm32f4xx_hal_cortex.o
LOAD ./Drivers/STM32F4xx_HAL_Driver/Src/stm32f4xx_hal_dma.o
LOAD ./Drivers/STM32F4xx_HAL_Driver/Src/stm32f4xx_hal_dma_ex.o
LOAD ./Drivers/STM32F4xx_HAL_Driver/Src/stm32f4xx_hal_exti.o
LOAD ./Drivers/STM32F4xx_HAL_Driver/Src/stm32f4xx_hal_flash.o
LOAD ./Drivers/STM32F4xx_HAL_Driver/Src/stm32f4xx_hal_flash_ex.o
LOAD ./Drivers/STM32F4xx_HAL_Driver/Src/stm32f4xx_hal_flash_ramfunc.o
LOAD ./Drivers/STM32F4xx_HAL_Driver/Src/stm32f4xx_hal_gpio.o
LOAD ./Drivers/STM32F4xx_HAL_Driver/Src/stm32f4xx_hal_i2c.o
LOAD ./Drivers/STM32F4xx_HAL_Driver/Src/stm32f4xx_hal_i2c_ex.o
LOAD ./Drivers/STM32F4xx_HAL_Driver/Src/stm32f4xx_hal_pwr.o
LOAD ./Drivers/STM32F4xx_HAL_Driver/Src/stm32f4xx_hal_pwr_ex.o
LOAD ./Drivers/STM32F4xx_HAL_Driver/Src/stm32f4xx_hal_rcc.o
LOAD ./Drivers/STM32F4xx_HAL_Driver/Src/stm32f4xx_hal_rcc_ex.o
LOAD ./Drivers/STM32F4xx_HAL_Driver/Src/stm32f4xx_hal_spi.o
LOAD ./Drivers/STM32F4xx_HAL_Driver/Src/stm32f4xx_hal_sram.o
LOAD ./Drivers/STM32F4xx_HAL_Driver/Src/stm32f4xx_hal_tim.o
LOAD ./Drivers/STM32F4xx_HAL_Driver/Src/stm32f4xx_hal_tim_ex.o
LOAD ./Drivers/STM32F4xx_HAL_Driver/Src/stm32f4xx_ll_fsmc.o
START GROUP
LOAD d:/courses/emb/stm32cubeide_1.7.0/stm32cubeide/plugins/com.st.stm32cube.ide.mcu.externaltools.gnu-tools-for-stm32.9-2020-q2-update.win32_2.0.0.202105311346/tools/bin/../lib/gcc/arm-none-eabi/9.3.1/../../../../arm-none-eabi/lib/thumb/v7e-m+fp/hard\libc_nano.a
LOAD d:/courses/emb/stm32cubeide_1.7.0/stm32cubeide/plugins/com.st.stm32cube.ide.mcu.externaltools.gnu-tools-for-stm32.9-2020-q2-update.win32_2.0.0.202105311346/tools/bin/../lib/gcc/arm-none-eabi/9.3.1/../../../../arm-none-eabi/lib/thumb/v7e-m+fp/hard\libm.a
END GROUP
START GROUP
LOAD d:/courses/emb/stm32cubeide_1.7.0/stm32cubeide/plugins/com.st.stm32cube.ide.mcu.externaltools.gnu-tools-for-stm32.9-2020-q2-update.win32_2.0.0.202105311346/tools/bin/../lib/gcc/arm-none-eabi/9.3.1/thumb/v7e-m+fp/hard\libgcc.a
LOAD d:/courses/emb/stm32cubeide_1.7.0/stm32cubeide/plugins/com.st.stm32cube.ide.mcu.externaltools.gnu-tools-for-stm32.9-2020-q2-update.win32_2.0.0.202105311346/tools/bin/../lib/gcc/arm-none-eabi/9.3.1/../../../../arm-none-eabi/lib/thumb/v7e-m+fp/hard\libc_nano.a
END GROUP
START GROUP
LOAD d:/courses/emb/stm32cubeide_1.7.0/stm32cubeide/plugins/com.st.stm32cube.ide.mcu.externaltools.gnu-tools-for-stm32.9-2020-q2-update.win32_2.0.0.202105311346/tools/bin/../lib/gcc/arm-none-eabi/9.3.1/thumb/v7e-m+fp/hard\libgcc.a
LOAD d:/courses/emb/stm32cubeide_1.7.0/stm32cubeide/plugins/com.st.stm32cube.ide.mcu.externaltools.gnu-tools-for-stm32.9-2020-q2-update.win32_2.0.0.202105311346/tools/bin/../lib/gcc/arm-none-eabi/9.3.1/../../../../arm-none-eabi/lib/thumb/v7e-m+fp/hard\libc_nano.a
LOAD d:/courses/emb/stm32cubeide_1.7.0/stm32cubeide/plugins/com.st.stm32cube.ide.mcu.externaltools.gnu-tools-for-stm32.9-2020-q2-update.win32_2.0.0.202105311346/tools/bin/../lib/gcc/arm-none-eabi/9.3.1/../../../../arm-none-eabi/lib/thumb/v7e-m+fp/hard\libnosys.a
END GROUP
START GROUP
LOAD d:/courses/emb/stm32cubeide_1.7.0/stm32cubeide/plugins/com.st.stm32cube.ide.mcu.externaltools.gnu-tools-for-stm32.9-2020-q2-update.win32_2.0.0.202105311346/tools/bin/../lib/gcc/arm-none-eabi/9.3.1/thumb/v7e-m+fp/hard\libgcc.a
LOAD d:/courses/emb/stm32cubeide_1.7.0/stm32cubeide/plugins/com.st.stm32cube.ide.mcu.externaltools.gnu-tools-for-stm32.9-2020-q2-update.win32_2.0.0.202105311346/tools/bin/../lib/gcc/arm-none-eabi/9.3.1/../../../../arm-none-eabi/lib/thumb/v7e-m+fp/hard\libc_nano.a
LOAD d:/courses/emb/stm32cubeide_1.7.0/stm32cubeide/plugins/com.st.stm32cube.ide.mcu.externaltools.gnu-tools-for-stm32.9-2020-q2-update.win32_2.0.0.202105311346/tools/bin/../lib/gcc/arm-none-eabi/9.3.1/../../../../arm-none-eabi/lib/thumb/v7e-m+fp/hard\libnosys.a
END GROUP
LOAD d:/courses/emb/stm32cubeide_1.7.0/stm32cubeide/plugins/com.st.stm32cube.ide.mcu.externaltools.gnu-tools-for-stm32.9-2020-q2-update.win32_2.0.0.202105311346/tools/bin/../lib/gcc/arm-none-eabi/9.3.1/thumb/v7e-m+fp/hard/crtend.o
LOAD d:/courses/emb/stm32cubeide_1.7.0/stm32cubeide/plugins/com.st.stm32cube.ide.mcu.externaltools.gnu-tools-for-stm32.9-2020-q2-update.win32_2.0.0.202105311346/tools/bin/../lib/gcc/arm-none-eabi/9.3.1/thumb/v7e-m+fp/hard/crtn.o
                0x0000000020020000                _estack = (ORIGIN (RAM) + LENGTH (RAM))
                0x0000000000000200                _Min_Heap_Size = 0x200
                0x0000000000000400                _Min_Stack_Size = 0x400

.isr_vector     0x0000000008000000      0x188
                0x0000000008000000                . = ALIGN (0x4)
 *(.isr_vector)
 .isr_vector    0x0000000008000000      0x188 ./Core/Startup/startup_stm32f407zgtx.o
                0x0000000008000000                g_pfnVectors
                0x0000000008000188                . = ALIGN (0x4)

.text           0x0000000008000190     0x65e4
                0x0000000008000190                . = ALIGN (0x4)
 *(.text)
 .text          0x0000000008000190       0x40 d:/courses/emb/stm32cubeide_1.7.0/stm32cubeide/plugins/com.st.stm32cube.ide.mcu.externaltools.gnu-tools-for-stm32.9-2020-q2-update.win32_2.0.0.202105311346/tools/bin/../lib/gcc/arm-none-eabi/9.3.1/thumb/v7e-m+fp/hard/crtbegin.o
 .text          0x00000000080001d0       0x10 d:/courses/emb/stm32cubeide_1.7.0/stm32cubeide/plugins/com.st.stm32cube.ide.mcu.externaltools.gnu-tools-for-stm32.9-2020-q2-update.win32_2.0.0.202105311346/tools/bin/../lib/gcc/arm-none-eabi/9.3.1/../../../../arm-none-eabi/lib/thumb/v7e-m+fp/hard\libc_nano.a(lib_a-strlen.o)
                0x00000000080001d0                strlen
 .text          0x00000000080001e0       0xa0 d:/courses/emb/stm32cubeide_1.7.0/stm32cubeide/plugins/com.st.stm32cube.ide.mcu.externaltools.gnu-tools-for-stm32.9-2020-q2-update.win32_2.0.0.202105311346/tools/bin/../lib/gcc/arm-none-eabi/9.3.1/../../../../arm-none-eabi/lib/thumb/v7e-m+fp/hard\libc_nano.a(lib_a-memchr.o)
                0x00000000080001e0                memchr
 .text          0x0000000008000280       0x30 d:/courses/emb/stm32cubeide_1.7.0/stm32cubeide/plugins/com.st.stm32cube.ide.mcu.externaltools.gnu-tools-for-stm32.9-2020-q2-update.win32_2.0.0.202105311346/tools/bin/../lib/gcc/arm-none-eabi/9.3.1/thumb/v7e-m+fp/hard\libgcc.a(_aeabi_uldivmod.o)
                0x0000000008000280                __aeabi_uldivmod
 .text          0x00000000080002b0      0x2c4 d:/courses/emb/stm32cubeide_1.7.0/stm32cubeide/plugins/com.st.stm32cube.ide.mcu.externaltools.gnu-tools-for-stm32.9-2020-q2-update.win32_2.0.0.202105311346/tools/bin/../lib/gcc/arm-none-eabi/9.3.1/thumb/v7e-m+fp/hard\libgcc.a(_udivmoddi4.o)
                0x00000000080002b0                __udivmoddi4
 .text          0x0000000008000574        0x4 d:/courses/emb/stm32cubeide_1.7.0/stm32cubeide/plugins/com.st.stm32cube.ide.mcu.externaltools.gnu-tools-for-stm32.9-2020-q2-update.win32_2.0.0.202105311346/tools/bin/../lib/gcc/arm-none-eabi/9.3.1/thumb/v7e-m+fp/hard\libgcc.a(_dvmd_tls.o)
                0x0000000008000574                __aeabi_idiv0
                0x0000000008000574                __aeabi_ldiv0
 *(.text*)
 .text.button_init
                0x0000000008000578       0x18 ./Core/Src/button.o
                0x0000000008000578                button_init
 .text.button_Scan
                0x0000000008000590       0xd8 ./Core/Src/button.o
                0x0000000008000590                button_Scan
 .text.ds3231_init
                0x0000000008000668       0x88 ./Core/Src/ds3231.o
                0x0000000008000668                ds3231_init
 .text.ds3231_Write
                0x00000000080006f0       0x44 ./Core/Src/ds3231.o
                0x00000000080006f0                ds3231_Write
 .text.ds3231_ReadTime
                0x0000000008000734       0xc8 ./Core/Src/ds3231.o
                0x0000000008000734                ds3231_ReadTime
 .text.MX_FSMC_Init
                0x00000000080007fc       0xf4 ./Core/Src/fsmc.o
                0x00000000080007fc                MX_FSMC_Init
 .text.HAL_FSMC_MspInit
                0x00000000080008f0       0x98 ./Core/Src/fsmc.o
 .text.HAL_SRAM_MspInit
                0x0000000008000988       0x14 ./Core/Src/fsmc.o
                0x0000000008000988                HAL_SRAM_MspInit
 .text.MX_GPIO_Init
                0x000000000800099c      0x1b4 ./Core/Src/gpio.o
                0x000000000800099c                MX_GPIO_Init
 .text.MX_I2C1_Init
                0x0000000008000b50       0x5c ./Core/Src/i2c.o
                0x0000000008000b50                MX_I2C1_Init
 .text.HAL_I2C_MspInit
                0x0000000008000bac       0x90 ./Core/Src/i2c.o
                0x0000000008000bac                HAL_I2C_MspInit
 .text.LCD_WR_REG
                0x0000000008000c3c       0x20 ./Core/Src/lcd.o
                0x0000000008000c3c                LCD_WR_REG
 .text.LCD_WR_DATA
                0x0000000008000c5c       0x20 ./Core/Src/lcd.o
                0x0000000008000c5c                LCD_WR_DATA
 .text.LCD_RD_DATA
                0x0000000008000c7c       0x24 ./Core/Src/lcd.o
                0x0000000008000c7c                LCD_RD_DATA
 .text.lcd_AddressSet
                0x0000000008000ca0       0x98 ./Core/Src/lcd.o
                0x0000000008000ca0                lcd_AddressSet
 .text.lcd_Clear
                0x0000000008000d38       0x74 ./Core/Src/lcd.o
                0x0000000008000d38                lcd_Clear
 .text.lcd_DrawPoint
                0x0000000008000dac       0x2e ./Core/Src/lcd.o
                0x0000000008000dac                lcd_DrawPoint
 *fill*         0x0000000008000dda        0x2 
 .text.lcd_displayCurrentMode
                0x0000000008000ddc       0x40 ./Core/Src/lcd.o
                0x0000000008000ddc                lcd_displayCurrentMode
 .text.lcd_ShowChar
                0x0000000008000e1c      0x1a0 ./Core/Src/lcd.o
                0x0000000008000e1c                lcd_ShowChar
 .text.mypow    0x0000000008000fbc       0x38 ./Core/Src/lcd.o
                0x0000000008000fbc                mypow
 .text.lcd_ShowIntNum
                0x0000000008000ff4       0xfc ./Core/Src/lcd.o
                0x0000000008000ff4                lcd_ShowIntNum
 .text.lcd_SetDir
                0x00000000080010f0       0x48 ./Core/Src/lcd.o
                0x00000000080010f0                lcd_SetDir
 .text.lcd_init
                0x0000000008001138      0x2c0 ./Core/Src/lcd.o
                0x0000000008001138                lcd_init
 .text.lcd_ShowStr
                0x00000000080013f8       0xc8 ./Core/Src/lcd.o
                0x00000000080013f8                lcd_ShowStr
 .text.lcd_StrCenter
                0x00000000080014c0       0x64 ./Core/Src/lcd.o
                0x00000000080014c0                lcd_StrCenter
 .text.led7_init
                0x0000000008001524       0x18 ./Core/Src/led_7seg.o
                0x0000000008001524                led7_init
 .text.led7_Scan
                0x000000000800153c      0x118 ./Core/Src/led_7seg.o
                0x000000000800153c                led7_Scan
 .text.main     0x0000000008001654      0x208 ./Core/Src/main.o
                0x0000000008001654                main
 .text.SystemClock_Config
                0x000000000800185c       0xd4 ./Core/Src/main.o
                0x000000000800185c                SystemClock_Config
 .text.system_init
                0x0000000008001930       0x30 ./Core/Src/main.o
                0x0000000008001930                system_init
 .text.Error_Handler
                0x0000000008001960        0xa ./Core/Src/main.o
                0x0000000008001960                Error_Handler
 *fill*         0x000000000800196a        0x2 
 .text.updateCurrent
                0x000000000800196c       0x60 ./Core/Src/rtc.o
                0x000000000800196c                updateCurrent
 .text.timeCounter
                0x00000000080019cc      0x118 ./Core/Src/rtc.o
                0x00000000080019cc                timeCounter
 .text.displayTime
                0x0000000008001ae4       0xd8 ./Core/Src/rtc.o
                0x0000000008001ae4                displayTime
 .text.turnOffNumber
                0x0000000008001bbc      0x100 ./Core/Src/rtc.o
                0x0000000008001bbc                turnOffNumber
 .text.turnOnNumber
                0x0000000008001cbc      0x10c ./Core/Src/rtc.o
                0x0000000008001cbc                turnOnNumber
 .text.timerModifier
                0x0000000008001dc8      0x15c ./Core/Src/rtc.o
                0x0000000008001dc8                timerModifier
 .text.timerCountDown
                0x0000000008001f24      0x17c ./Core/Src/rtc.o
                0x0000000008001f24                timerCountDown
 .text.TimerStateMachine
                0x00000000080020a0       0x3c ./Core/Src/rtc.o
                0x00000000080020a0                TimerStateMachine
 .text.displayCurrentMode
                0x00000000080020dc        0xc ./Core/Src/rtc.o
                0x00000000080020dc                displayCurrentMode
 .text.timer_init
                0x00000000080020e8       0x14 ./Core/Src/software_timer.o
                0x00000000080020e8                timer_init
 .text.setTimer1
                0x00000000080020fc       0x38 ./Core/Src/software_timer.o
                0x00000000080020fc                setTimer1
 .text.setTimer2
                0x0000000008002134       0x38 ./Core/Src/software_timer.o
                0x0000000008002134                setTimer2
 .text.setTimer3
                0x000000000800216c       0x38 ./Core/Src/software_timer.o
                0x000000000800216c                setTimer3
 .text.HAL_TIM_PeriodElapsedCallback
                0x00000000080021a4      0x12c ./Core/Src/software_timer.o
                0x00000000080021a4                HAL_TIM_PeriodElapsedCallback
 .text.MX_SPI1_Init
                0x00000000080022d0       0x6c ./Core/Src/spi.o
                0x00000000080022d0                MX_SPI1_Init
 .text.HAL_SPI_MspInit
                0x000000000800233c       0x90 ./Core/Src/spi.o
                0x000000000800233c                HAL_SPI_MspInit
 .text.HAL_MspInit
                0x00000000080023cc       0x50 ./Core/Src/stm32f4xx_hal_msp.o
                0x00000000080023cc                HAL_MspInit
 .text.NMI_Handler
                0x000000000800241c        0x6 ./Core/Src/stm32f4xx_it.o
                0x000000000800241c                NMI_Handler
 .text.HardFault_Handler
                0x0000000008002422        0x6 ./Core/Src/stm32f4xx_it.o
                0x0000000008002422                HardFault_Handler
 .text.MemManage_Handler
                0x0000000008002428        0x6 ./Core/Src/stm32f4xx_it.o
                0x0000000008002428                MemManage_Handler
 .text.BusFault_Handler
                0x000000000800242e        0x6 ./Core/Src/stm32f4xx_it.o
                0x000000000800242e                BusFault_Handler
 .text.UsageFault_Handler
                0x0000000008002434        0x6 ./Core/Src/stm32f4xx_it.o
                0x0000000008002434                UsageFault_Handler
 .text.SVC_Handler
                0x000000000800243a        0xe ./Core/Src/stm32f4xx_it.o
                0x000000000800243a                SVC_Handler
 .text.DebugMon_Handler
                0x0000000008002448        0xe ./Core/Src/stm32f4xx_it.o
                0x0000000008002448                DebugMon_Handler
 .text.PendSV_Handler
                0x0000000008002456        0xe ./Core/Src/stm32f4xx_it.o
                0x0000000008002456                PendSV_Handler
 .text.SysTick_Handler
                0x0000000008002464        0xc ./Core/Src/stm32f4xx_it.o
                0x0000000008002464                SysTick_Handler
 .text.TIM2_IRQHandler
                0x0000000008002470       0x14 ./Core/Src/stm32f4xx_it.o
                0x0000000008002470                TIM2_IRQHandler
 .text._sbrk    0x0000000008002484       0x6c ./Core/Src/sysmem.o
                0x0000000008002484                _sbrk
 .text.SystemInit
                0x00000000080024f0       0x24 ./Core/Src/system_stm32f4xx.o
                0x00000000080024f0                SystemInit
 .text.MX_TIM2_Init
                0x0000000008002514       0x98 ./Core/Src/tim.o
                0x0000000008002514                MX_TIM2_Init
 .text.HAL_TIM_Base_MspInit
                0x00000000080025ac       0x4c ./Core/Src/tim.o
                0x00000000080025ac                HAL_TIM_Base_MspInit
 .text.BCD2DEC  0x00000000080025f8       0x32 ./Core/Src/utils.o
                0x00000000080025f8                BCD2DEC
 *fill*         0x000000000800262a        0x2 
 .text.DEC2BCD  0x000000000800262c       0x48 ./Core/Src/utils.o
                0x000000000800262c                DEC2BCD
 .text.Reset_Handler
                0x0000000008002674       0x50 ./Core/Startup/startup_stm32f407zgtx.o
                0x0000000008002674                Reset_Handler
 .text.Default_Handler
                0x00000000080026c4        0x2 ./Core/Startup/startup_stm32f407zgtx.o
                0x00000000080026c4                RTC_Alarm_IRQHandler
                0x00000000080026c4                HASH_RNG_IRQHandler
                0x00000000080026c4                EXTI2_IRQHandler
                0x00000000080026c4                TIM8_CC_IRQHandler
                0x00000000080026c4                TIM1_CC_IRQHandler
                0x00000000080026c4                DMA2_Stream5_IRQHandler
                0x00000000080026c4                DMA1_Stream5_IRQHandler
                0x00000000080026c4                PVD_IRQHandler
                0x00000000080026c4                SDIO_IRQHandler
                0x00000000080026c4                TAMP_STAMP_IRQHandler
                0x00000000080026c4                CAN2_RX1_IRQHandler
                0x00000000080026c4                EXTI3_IRQHandler
                0x00000000080026c4                TIM8_TRG_COM_TIM14_IRQHandler
                0x00000000080026c4                TIM1_UP_TIM10_IRQHandler
                0x00000000080026c4                TIM8_UP_TIM13_IRQHandler
                0x00000000080026c4                I2C3_ER_IRQHandler
                0x00000000080026c4                EXTI0_IRQHandler
                0x00000000080026c4                I2C2_EV_IRQHandler
                0x00000000080026c4                DMA1_Stream2_IRQHandler
                0x00000000080026c4                CAN1_RX0_IRQHandler
                0x00000000080026c4                FPU_IRQHandler
                0x00000000080026c4                OTG_HS_WKUP_IRQHandler
                0x00000000080026c4                CAN2_SCE_IRQHandler
                0x00000000080026c4                DMA2_Stream2_IRQHandler
                0x00000000080026c4                SPI1_IRQHandler
                0x00000000080026c4                TIM6_DAC_IRQHandler
                0x00000000080026c4                TIM1_BRK_TIM9_IRQHandler
                0x00000000080026c4                DCMI_IRQHandler
                0x00000000080026c4                CAN2_RX0_IRQHandler
                0x00000000080026c4                DMA2_Stream3_IRQHandler
                0x00000000080026c4                USART6_IRQHandler
                0x00000000080026c4                USART3_IRQHandler
                0x00000000080026c4                CAN1_RX1_IRQHandler
                0x00000000080026c4                UART5_IRQHandler
                0x00000000080026c4                DMA2_Stream0_IRQHandler
                0x00000000080026c4                TIM4_IRQHandler
                0x00000000080026c4                I2C1_EV_IRQHandler
                0x00000000080026c4                DMA1_Stream6_IRQHandler
                0x00000000080026c4                DMA1_Stream1_IRQHandler
                0x00000000080026c4                UART4_IRQHandler
                0x00000000080026c4                TIM3_IRQHandler
                0x00000000080026c4                RCC_IRQHandler
                0x00000000080026c4                TIM8_BRK_TIM12_IRQHandler
                0x00000000080026c4                Default_Handler
                0x00000000080026c4                EXTI15_10_IRQHandler
                0x00000000080026c4                ADC_IRQHandler
                0x00000000080026c4                DMA1_Stream7_IRQHandler
                0x00000000080026c4                TIM7_IRQHandler
                0x00000000080026c4                CAN2_TX_IRQHandler
                0x00000000080026c4                TIM5_IRQHandler
                0x00000000080026c4                DMA2_Stream7_IRQHandler
                0x00000000080026c4                I2C3_EV_IRQHandler
                0x00000000080026c4                EXTI9_5_IRQHandler
                0x00000000080026c4                RTC_WKUP_IRQHandler
                0x00000000080026c4                ETH_WKUP_IRQHandler
                0x00000000080026c4                SPI2_IRQHandler
                0x00000000080026c4                OTG_HS_EP1_IN_IRQHandler
                0x00000000080026c4                DMA1_Stream0_IRQHandler
                0x00000000080026c4                CAN1_TX_IRQHandler
                0x00000000080026c4                EXTI4_IRQHandler
                0x00000000080026c4                FSMC_IRQHandler
                0x00000000080026c4                ETH_IRQHandler
                0x00000000080026c4                OTG_HS_EP1_OUT_IRQHandler
                0x00000000080026c4                WWDG_IRQHandler
                0x00000000080026c4                OTG_FS_WKUP_IRQHandler
                0x00000000080026c4                TIM1_TRG_COM_TIM11_IRQHandler
                0x00000000080026c4                OTG_HS_IRQHandler
                0x00000000080026c4                EXTI1_IRQHandler
                0x00000000080026c4                USART2_IRQHandler
                0x00000000080026c4                I2C2_ER_IRQHandler
                0x00000000080026c4                DMA2_Stream1_IRQHandler
                0x00000000080026c4                CAN1_SCE_IRQHandler
                0x00000000080026c4                FLASH_IRQHandler
                0x00000000080026c4                DMA2_Stream4_IRQHandler
                0x00000000080026c4                USART1_IRQHandler
                0x00000000080026c4                OTG_FS_IRQHandler
                0x00000000080026c4                SPI3_IRQHandler
                0x00000000080026c4                DMA1_Stream4_IRQHandler
                0x00000000080026c4                I2C1_ER_IRQHandler
                0x00000000080026c4                DMA2_Stream6_IRQHandler
                0x00000000080026c4                DMA1_Stream3_IRQHandler
 *fill*         0x00000000080026c6        0x2 
 .text.HAL_Init
                0x00000000080026c8       0x44 ./Drivers/STM32F4xx_HAL_Driver/Src/stm32f4xx_hal.o
                0x00000000080026c8                HAL_Init
 .text.HAL_InitTick
                0x000000000800270c       0x60 ./Drivers/STM32F4xx_HAL_Driver/Src/stm32f4xx_hal.o
                0x000000000800270c                HAL_InitTick
 .text.HAL_IncTick
                0x000000000800276c       0x28 ./Drivers/STM32F4xx_HAL_Driver/Src/stm32f4xx_hal.o
                0x000000000800276c                HAL_IncTick
 .text.HAL_GetTick
                0x0000000008002794       0x18 ./Drivers/STM32F4xx_HAL_Driver/Src/stm32f4xx_hal.o
                0x0000000008002794                HAL_GetTick
 .text.HAL_Delay
                0x00000000080027ac       0x48 ./Drivers/STM32F4xx_HAL_Driver/Src/stm32f4xx_hal.o
                0x00000000080027ac                HAL_Delay
 .text.__NVIC_SetPriorityGrouping
                0x00000000080027f4       0x48 ./Drivers/STM32F4xx_HAL_Driver/Src/stm32f4xx_hal_cortex.o
 .text.__NVIC_GetPriorityGrouping
                0x000000000800283c       0x1c ./Drivers/STM32F4xx_HAL_Driver/Src/stm32f4xx_hal_cortex.o
 .text.__NVIC_EnableIRQ
                0x0000000008002858       0x3c ./Drivers/STM32F4xx_HAL_Driver/Src/stm32f4xx_hal_cortex.o
 .text.__NVIC_SetPriority
                0x0000000008002894       0x54 ./Drivers/STM32F4xx_HAL_Driver/Src/stm32f4xx_hal_cortex.o
 .text.NVIC_EncodePriority
                0x00000000080028e8       0x66 ./Drivers/STM32F4xx_HAL_Driver/Src/stm32f4xx_hal_cortex.o
 *fill*         0x000000000800294e        0x2 
 .text.SysTick_Config
                0x0000000008002950       0x44 ./Drivers/STM32F4xx_HAL_Driver/Src/stm32f4xx_hal_cortex.o
 .text.HAL_NVIC_SetPriorityGrouping
                0x0000000008002994       0x16 ./Drivers/STM32F4xx_HAL_Driver/Src/stm32f4xx_hal_cortex.o
                0x0000000008002994                HAL_NVIC_SetPriorityGrouping
 .text.HAL_NVIC_SetPriority
                0x00000000080029aa       0x38 ./Drivers/STM32F4xx_HAL_Driver/Src/stm32f4xx_hal_cortex.o
                0x00000000080029aa                HAL_NVIC_SetPriority
 .text.HAL_NVIC_EnableIRQ
                0x00000000080029e2       0x1c ./Drivers/STM32F4xx_HAL_Driver/Src/stm32f4xx_hal_cortex.o
                0x00000000080029e2                HAL_NVIC_EnableIRQ
 .text.HAL_SYSTICK_Config
                0x00000000080029fe       0x18 ./Drivers/STM32F4xx_HAL_Driver/Src/stm32f4xx_hal_cortex.o
                0x00000000080029fe                HAL_SYSTICK_Config
 *fill*         0x0000000008002a16        0x2 
 .text.HAL_GPIO_Init
                0x0000000008002a18      0x338 ./Drivers/STM32F4xx_HAL_Driver/Src/stm32f4xx_hal_gpio.o
                0x0000000008002a18                HAL_GPIO_Init
 .text.HAL_GPIO_WritePin
                0x0000000008002d50       0x32 ./Drivers/STM32F4xx_HAL_Driver/Src/stm32f4xx_hal_gpio.o
                0x0000000008002d50                HAL_GPIO_WritePin
 *fill*         0x0000000008002d82        0x2 
 .text.HAL_I2C_Init
                0x0000000008002d84      0x288 ./Drivers/STM32F4xx_HAL_Driver/Src/stm32f4xx_hal_i2c.o
                0x0000000008002d84                HAL_I2C_Init
 .text.HAL_I2C_Mem_Write
                0x000000000800300c      0x1f4 ./Drivers/STM32F4xx_HAL_Driver/Src/stm32f4xx_hal_i2c.o
                0x000000000800300c                HAL_I2C_Mem_Write
 .text.HAL_I2C_Mem_Read
                0x0000000008003200      0x44c ./Drivers/STM32F4xx_HAL_Driver/Src/stm32f4xx_hal_i2c.o
                0x0000000008003200                HAL_I2C_Mem_Read
 .text.HAL_I2C_IsDeviceReady
                0x000000000800364c      0x25c ./Drivers/STM32F4xx_HAL_Driver/Src/stm32f4xx_hal_i2c.o
                0x000000000800364c                HAL_I2C_IsDeviceReady
 .text.I2C_RequestMemoryWrite
                0x00000000080038a8      0x12c ./Drivers/STM32F4xx_HAL_Driver/Src/stm32f4xx_hal_i2c.o
 .text.I2C_RequestMemoryRead
                0x00000000080039d4      0x1d0 ./Drivers/STM32F4xx_HAL_Driver/Src/stm32f4xx_hal_i2c.o
 .text.I2C_WaitOnFlagUntilTimeout
                0x0000000008003ba4       0xae ./Drivers/STM32F4xx_HAL_Driver/Src/stm32f4xx_hal_i2c.o
 .text.I2C_WaitOnMasterAddressFlagUntilTimeout
                0x0000000008003c52       0xfe ./Drivers/STM32F4xx_HAL_Driver/Src/stm32f4xx_hal_i2c.o
 .text.I2C_WaitOnTXEFlagUntilTimeout
                0x0000000008003d50       0x82 ./Drivers/STM32F4xx_HAL_Driver/Src/stm32f4xx_hal_i2c.o
 .text.I2C_WaitOnBTFFlagUntilTimeout
                0x0000000008003dd2       0x82 ./Drivers/STM32F4xx_HAL_Driver/Src/stm32f4xx_hal_i2c.o
 .text.I2C_WaitOnRXNEFlagUntilTimeout
                0x0000000008003e54       0xac ./Drivers/STM32F4xx_HAL_Driver/Src/stm32f4xx_hal_i2c.o
 .text.I2C_IsAcknowledgeFailed
                0x0000000008003f00       0x5e ./Drivers/STM32F4xx_HAL_Driver/Src/stm32f4xx_hal_i2c.o
 *fill*         0x0000000008003f5e        0x2 
 .text.HAL_RCC_OscConfig
                0x0000000008003f60      0x4f0 ./Drivers/STM32F4xx_HAL_Driver/Src/stm32f4xx_hal_rcc.o
                0x0000000008003f60                HAL_RCC_OscConfig
 .text.HAL_RCC_ClockConfig
                0x0000000008004450      0x1cc ./Drivers/STM32F4xx_HAL_Driver/Src/stm32f4xx_hal_rcc.o
                0x0000000008004450                HAL_RCC_ClockConfig
 .text.HAL_RCC_GetSysClockFreq
                0x000000000800461c      0x1c4 ./Drivers/STM32F4xx_HAL_Driver/Src/stm32f4xx_hal_rcc.o
                0x000000000800461c                HAL_RCC_GetSysClockFreq
 .text.HAL_RCC_GetHCLKFreq
                0x00000000080047e0       0x18 ./Drivers/STM32F4xx_HAL_Driver/Src/stm32f4xx_hal_rcc.o
                0x00000000080047e0                HAL_RCC_GetHCLKFreq
 .text.HAL_RCC_GetPCLK1Freq
                0x00000000080047f8       0x28 ./Drivers/STM32F4xx_HAL_Driver/Src/stm32f4xx_hal_rcc.o
                0x00000000080047f8                HAL_RCC_GetPCLK1Freq
 .text.HAL_SPI_Init
                0x0000000008004820      0x112 ./Drivers/STM32F4xx_HAL_Driver/Src/stm32f4xx_hal_spi.o
                0x0000000008004820                HAL_SPI_Init
 .text.HAL_SPI_Transmit
                0x0000000008004932      0x278 ./Drivers/STM32F4xx_HAL_Driver/Src/stm32f4xx_hal_spi.o
                0x0000000008004932                HAL_SPI_Transmit
 .text.HAL_SPI_Receive
                0x0000000008004baa      0x222 ./Drivers/STM32F4xx_HAL_Driver/Src/stm32f4xx_hal_spi.o
                0x0000000008004baa                HAL_SPI_Receive
 .text.HAL_SPI_TransmitReceive
                0x0000000008004dcc      0x344 ./Drivers/STM32F4xx_HAL_Driver/Src/stm32f4xx_hal_spi.o
                0x0000000008004dcc                HAL_SPI_TransmitReceive
 .text.SPI_WaitFlagStateUntilTimeout
                0x0000000008005110      0x110 ./Drivers/STM32F4xx_HAL_Driver/Src/stm32f4xx_hal_spi.o
 .text.SPI_EndRxTransaction
                0x0000000008005220       0xca ./Drivers/STM32F4xx_HAL_Driver/Src/stm32f4xx_hal_spi.o
 *fill*         0x00000000080052ea        0x2 
 .text.SPI_EndRxTxTransaction
                0x00000000080052ec       0x84 ./Drivers/STM32F4xx_HAL_Driver/Src/stm32f4xx_hal_spi.o
 .text.HAL_SRAM_Init
                0x0000000008005370       0x88 ./Drivers/STM32F4xx_HAL_Driver/Src/stm32f4xx_hal_sram.o
                0x0000000008005370                HAL_SRAM_Init
 .text.HAL_TIM_Base_Init
                0x00000000080053f8       0x9e ./Drivers/STM32F4xx_HAL_Driver/Src/stm32f4xx_hal_tim.o
                0x00000000080053f8                HAL_TIM_Base_Init
 *fill*         0x0000000008005496        0x2 
 .text.HAL_TIM_Base_Start_IT
                0x0000000008005498       0xe0 ./Drivers/STM32F4xx_HAL_Driver/Src/stm32f4xx_hal_tim.o
                0x0000000008005498                HAL_TIM_Base_Start_IT
 .text.HAL_TIM_IRQHandler
                0x0000000008005578      0x210 ./Drivers/STM32F4xx_HAL_Driver/Src/stm32f4xx_hal_tim.o
                0x0000000008005578                HAL_TIM_IRQHandler
 .text.HAL_TIM_ConfigClockSource
                0x0000000008005788      0x18e ./Drivers/STM32F4xx_HAL_Driver/Src/stm32f4xx_hal_tim.o
                0x0000000008005788                HAL_TIM_ConfigClockSource
 .text.HAL_TIM_OC_DelayElapsedCallback
                0x0000000008005916       0x14 ./Drivers/STM32F4xx_HAL_Driver/Src/stm32f4xx_hal_tim.o
                0x0000000008005916                HAL_TIM_OC_DelayElapsedCallback
 .text.HAL_TIM_IC_CaptureCallback
                0x000000000800592a       0x14 ./Drivers/STM32F4xx_HAL_Driver/Src/stm32f4xx_hal_tim.o
                0x000000000800592a                HAL_TIM_IC_CaptureCallback
 .text.HAL_TIM_PWM_PulseFinishedCallback
                0x000000000800593e       0x14 ./Drivers/STM32F4xx_HAL_Driver/Src/stm32f4xx_hal_tim.o
                0x000000000800593e                HAL_TIM_PWM_PulseFinishedCallback
 .text.HAL_TIM_TriggerCallback
                0x0000000008005952       0x14 ./Drivers/STM32F4xx_HAL_Driver/Src/stm32f4xx_hal_tim.o
                0x0000000008005952                HAL_TIM_TriggerCallback
 *fill*         0x0000000008005966        0x2 
 .text.TIM_Base_SetConfig
                0x0000000008005968      0x140 ./Drivers/STM32F4xx_HAL_Driver/Src/stm32f4xx_hal_tim.o
                0x0000000008005968                TIM_Base_SetConfig
 .text.TIM_TI1_ConfigInputStage
                0x0000000008005aa8       0x5e ./Drivers/STM32F4xx_HAL_Driver/Src/stm32f4xx_hal_tim.o
 .text.TIM_TI2_ConfigInputStage
                0x0000000008005b06       0x60 ./Drivers/STM32F4xx_HAL_Driver/Src/stm32f4xx_hal_tim.o
 .text.TIM_ITRx_SetConfig
                0x0000000008005b66       0x36 ./Drivers/STM32F4xx_HAL_Driver/Src/stm32f4xx_hal_tim.o
 .text.TIM_ETR_SetConfig
                0x0000000008005b9c       0x40 ./Drivers/STM32F4xx_HAL_Driver/Src/stm32f4xx_hal_tim.o
                0x0000000008005b9c                TIM_ETR_SetConfig
 .text.HAL_TIMEx_MasterConfigSynchronization
                0x0000000008005bdc       0xf8 ./Drivers/STM32F4xx_HAL_Driver/Src/stm32f4xx_hal_tim_ex.o
                0x0000000008005bdc                HAL_TIMEx_MasterConfigSynchronization
 .text.HAL_TIMEx_CommutCallback
                0x0000000008005cd4       0x14 ./Drivers/STM32F4xx_HAL_Driver/Src/stm32f4xx_hal_tim_ex.o
                0x0000000008005cd4                HAL_TIMEx_CommutCallback
 .text.HAL_TIMEx_BreakCallback
                0x0000000008005ce8       0x14 ./Drivers/STM32F4xx_HAL_Driver/Src/stm32f4xx_hal_tim_ex.o
                0x0000000008005ce8                HAL_TIMEx_BreakCallback
 .text.FSMC_NORSRAM_Init
                0x0000000008005cfc       0xa4 ./Drivers/STM32F4xx_HAL_Driver/Src/stm32f4xx_ll_fsmc.o
                0x0000000008005cfc                FSMC_NORSRAM_Init
 .text.FSMC_NORSRAM_Timing_Init
                0x0000000008005da0       0x7a ./Drivers/STM32F4xx_HAL_Driver/Src/stm32f4xx_ll_fsmc.o
                0x0000000008005da0                FSMC_NORSRAM_Timing_Init
 *fill*         0x0000000008005e1a        0x2 
 .text.FSMC_NORSRAM_Extended_Timing_Init
                0x0000000008005e1c       0x80 ./Drivers/STM32F4xx_HAL_Driver/Src/stm32f4xx_ll_fsmc.o
                0x0000000008005e1c                FSMC_NORSRAM_Extended_Timing_Init
 .text.__errno  0x0000000008005e9c        0xc d:/courses/emb/stm32cubeide_1.7.0/stm32cubeide/plugins/com.st.stm32cube.ide.mcu.externaltools.gnu-tools-for-stm32.9-2020-q2-update.win32_2.0.0.202105311346/tools/bin/../lib/gcc/arm-none-eabi/9.3.1/../../../../arm-none-eabi/lib/thumb/v7e-m+fp/hard\libc_nano.a(lib_a-errno.o)
                0x0000000008005e9c                __errno
 .text.__libc_init_array
                0x0000000008005ea8       0x48 d:/courses/emb/stm32cubeide_1.7.0/stm32cubeide/plugins/com.st.stm32cube.ide.mcu.externaltools.gnu-tools-for-stm32.9-2020-q2-update.win32_2.0.0.202105311346/tools/bin/../lib/gcc/arm-none-eabi/9.3.1/../../../../arm-none-eabi/lib/thumb/v7e-m+fp/hard\libc_nano.a(lib_a-init.o)
                0x0000000008005ea8                __libc_init_array
 .text.memset   0x0000000008005ef0       0x10 d:/courses/emb/stm32cubeide_1.7.0/stm32cubeide/plugins/com.st.stm32cube.ide.mcu.externaltools.gnu-tools-for-stm32.9-2020-q2-update.win32_2.0.0.202105311346/tools/bin/../lib/gcc/arm-none-eabi/9.3.1/../../../../arm-none-eabi/lib/thumb/v7e-m+fp/hard\libc_nano.a(lib_a-memset.o)
                0x0000000008005ef0                memset
 .text.sprintf  0x0000000008005f00       0x40 d:/courses/emb/stm32cubeide_1.7.0/stm32cubeide/plugins/com.st.stm32cube.ide.mcu.externaltools.gnu-tools-for-stm32.9-2020-q2-update.win32_2.0.0.202105311346/tools/bin/../lib/gcc/arm-none-eabi/9.3.1/../../../../arm-none-eabi/lib/thumb/v7e-m+fp/hard\libc_nano.a(lib_a-sprintf.o)
                0x0000000008005f00                siprintf
                0x0000000008005f00                sprintf
 .text.__ssputs_r
                0x0000000008005f40       0xb6 d:/courses/emb/stm32cubeide_1.7.0/stm32cubeide/plugins/com.st.stm32cube.ide.mcu.externaltools.gnu-tools-for-stm32.9-2020-q2-update.win32_2.0.0.202105311346/tools/bin/../lib/gcc/arm-none-eabi/9.3.1/../../../../arm-none-eabi/lib/thumb/v7e-m+fp/hard\libc_nano.a(lib_a-nano-svfprintf.o)
                0x0000000008005f40                __ssputs_r
 *fill*         0x0000000008005ff6        0x2 
 .text._svfprintf_r
                0x0000000008005ff8      0x200 d:/courses/emb/stm32cubeide_1.7.0/stm32cubeide/plugins/com.st.stm32cube.ide.mcu.externaltools.gnu-tools-for-stm32.9-2020-q2-update.win32_2.0.0.202105311346/tools/bin/../lib/gcc/arm-none-eabi/9.3.1/../../../../arm-none-eabi/lib/thumb/v7e-m+fp/hard\libc_nano.a(lib_a-nano-svfprintf.o)
                0x0000000008005ff8                _svfiprintf_r
                0x0000000008005ff8                _svfprintf_r
 .text._printf_common
                0x00000000080061f8       0xda d:/courses/emb/stm32cubeide_1.7.0/stm32cubeide/plugins/com.st.stm32cube.ide.mcu.externaltools.gnu-tools-for-stm32.9-2020-q2-update.win32_2.0.0.202105311346/tools/bin/../lib/gcc/arm-none-eabi/9.3.1/../../../../arm-none-eabi/lib/thumb/v7e-m+fp/hard\libc_nano.a(lib_a-nano-vfprintf_i.o)
                0x00000000080061f8                _printf_common
 *fill*         0x00000000080062d2        0x2 
 .text._printf_i
                0x00000000080062d4      0x24c d:/courses/emb/stm32cubeide_1.7.0/stm32cubeide/plugins/com.st.stm32cube.ide.mcu.externaltools.gnu-tools-for-stm32.9-2020-q2-update.win32_2.0.0.202105311346/tools/bin/../lib/gcc/arm-none-eabi/9.3.1/../../../../arm-none-eabi/lib/thumb/v7e-m+fp/hard\libc_nano.a(lib_a-nano-vfprintf_i.o)
                0x00000000080062d4                _printf_i
 .text.memcpy   0x0000000008006520       0x1c d:/courses/emb/stm32cubeide_1.7.0/stm32cubeide/plugins/com.st.stm32cube.ide.mcu.externaltools.gnu-tools-for-stm32.9-2020-q2-update.win32_2.0.0.202105311346/tools/bin/../lib/gcc/arm-none-eabi/9.3.1/../../../../arm-none-eabi/lib/thumb/v7e-m+fp/hard\libc_nano.a(lib_a-memcpy-stub.o)
                0x0000000008006520                memcpy
 .text.memmove  0x000000000800653c       0x34 d:/courses/emb/stm32cubeide_1.7.0/stm32cubeide/plugins/com.st.stm32cube.ide.mcu.externaltools.gnu-tools-for-stm32.9-2020-q2-update.win32_2.0.0.202105311346/tools/bin/../lib/gcc/arm-none-eabi/9.3.1/../../../../arm-none-eabi/lib/thumb/v7e-m+fp/hard\libc_nano.a(lib_a-memmove.o)
                0x000000000800653c                memmove
 .text._free_r  0x0000000008006570       0xa0 d:/courses/emb/stm32cubeide_1.7.0/stm32cubeide/plugins/com.st.stm32cube.ide.mcu.externaltools.gnu-tools-for-stm32.9-2020-q2-update.win32_2.0.0.202105311346/tools/bin/../lib/gcc/arm-none-eabi/9.3.1/../../../../arm-none-eabi/lib/thumb/v7e-m+fp/hard\libc_nano.a(lib_a-nano-freer.o)
                0x0000000008006570                _free_r
 .text._malloc_r
                0x0000000008006610       0xb4 d:/courses/emb/stm32cubeide_1.7.0/stm32cubeide/plugins/com.st.stm32cube.ide.mcu.externaltools.gnu-tools-for-stm32.9-2020-q2-update.win32_2.0.0.202105311346/tools/bin/../lib/gcc/arm-none-eabi/9.3.1/../../../../arm-none-eabi/lib/thumb/v7e-m+fp/hard\libc_nano.a(lib_a-nano-mallocr.o)
                0x0000000008006610                _malloc_r
 .text._realloc_r
                0x00000000080066c4       0x4c d:/courses/emb/stm32cubeide_1.7.0/stm32cubeide/plugins/com.st.stm32cube.ide.mcu.externaltools.gnu-tools-for-stm32.9-2020-q2-update.win32_2.0.0.202105311346/tools/bin/../lib/gcc/arm-none-eabi/9.3.1/../../../../arm-none-eabi/lib/thumb/v7e-m+fp/hard\libc_nano.a(lib_a-nano-reallocr.o)
                0x00000000080066c4                _realloc_r
 .text._sbrk_r  0x0000000008006710       0x20 d:/courses/emb/stm32cubeide_1.7.0/stm32cubeide/plugins/com.st.stm32cube.ide.mcu.externaltools.gnu-tools-for-stm32.9-2020-q2-update.win32_2.0.0.202105311346/tools/bin/../lib/gcc/arm-none-eabi/9.3.1/../../../../arm-none-eabi/lib/thumb/v7e-m+fp/hard\libc_nano.a(lib_a-sbrkr.o)
                0x0000000008006710                _sbrk_r
 .text.__malloc_lock
                0x0000000008006730        0xc d:/courses/emb/stm32cubeide_1.7.0/stm32cubeide/plugins/com.st.stm32cube.ide.mcu.externaltools.gnu-tools-for-stm32.9-2020-q2-update.win32_2.0.0.202105311346/tools/bin/../lib/gcc/arm-none-eabi/9.3.1/../../../../arm-none-eabi/lib/thumb/v7e-m+fp/hard\libc_nano.a(lib_a-mlock.o)
                0x0000000008006730                __malloc_lock
 .text.__malloc_unlock
                0x000000000800673c        0xc d:/courses/emb/stm32cubeide_1.7.0/stm32cubeide/plugins/com.st.stm32cube.ide.mcu.externaltools.gnu-tools-for-stm32.9-2020-q2-update.win32_2.0.0.202105311346/tools/bin/../lib/gcc/arm-none-eabi/9.3.1/../../../../arm-none-eabi/lib/thumb/v7e-m+fp/hard\libc_nano.a(lib_a-mlock.o)
                0x000000000800673c                __malloc_unlock
 .text._malloc_usable_size_r
                0x0000000008006748       0x10 d:/courses/emb/stm32cubeide_1.7.0/stm32cubeide/plugins/com.st.stm32cube.ide.mcu.externaltools.gnu-tools-for-stm32.9-2020-q2-update.win32_2.0.0.202105311346/tools/bin/../lib/gcc/arm-none-eabi/9.3.1/../../../../arm-none-eabi/lib/thumb/v7e-m+fp/hard\libc_nano.a(lib_a-nano-msizer.o)
                0x0000000008006748                _malloc_usable_size_r
 .text.__retarget_lock_acquire_recursive
                0x0000000008006758        0x2 d:/courses/emb/stm32cubeide_1.7.0/stm32cubeide/plugins/com.st.stm32cube.ide.mcu.externaltools.gnu-tools-for-stm32.9-2020-q2-update.win32_2.0.0.202105311346/tools/bin/../lib/gcc/arm-none-eabi/9.3.1/../../../../arm-none-eabi/lib/thumb/v7e-m+fp/hard\libc_nano.a(lib_a-lock.o)
                0x0000000008006758                __retarget_lock_acquire_recursive
 .text.__retarget_lock_release_recursive
                0x000000000800675a        0x2 d:/courses/emb/stm32cubeide_1.7.0/stm32cubeide/plugins/com.st.stm32cube.ide.mcu.externaltools.gnu-tools-for-stm32.9-2020-q2-update.win32_2.0.0.202105311346/tools/bin/../lib/gcc/arm-none-eabi/9.3.1/../../../../arm-none-eabi/lib/thumb/v7e-m+fp/hard\libc_nano.a(lib_a-lock.o)
                0x000000000800675a                __retarget_lock_release_recursive
 *(.glue_7)
 .glue_7        0x000000000800675c        0x0 linker stubs
 *(.glue_7t)
 .glue_7t       0x000000000800675c        0x0 linker stubs
 *(.eh_frame)
 .eh_frame      0x000000000800675c        0x0 d:/courses/emb/stm32cubeide_1.7.0/stm32cubeide/plugins/com.st.stm32cube.ide.mcu.externaltools.gnu-tools-for-stm32.9-2020-q2-update.win32_2.0.0.202105311346/tools/bin/../lib/gcc/arm-none-eabi/9.3.1/thumb/v7e-m+fp/hard/crtbegin.o
 *(.init)
 .init          0x000000000800675c        0x4 d:/courses/emb/stm32cubeide_1.7.0/stm32cubeide/plugins/com.st.stm32cube.ide.mcu.externaltools.gnu-tools-for-stm32.9-2020-q2-update.win32_2.0.0.202105311346/tools/bin/../lib/gcc/arm-none-eabi/9.3.1/thumb/v7e-m+fp/hard/crti.o
                0x000000000800675c                _init
 .init          0x0000000008006760        0x8 d:/courses/emb/stm32cubeide_1.7.0/stm32cubeide/plugins/com.st.stm32cube.ide.mcu.externaltools.gnu-tools-for-stm32.9-2020-q2-update.win32_2.0.0.202105311346/tools/bin/../lib/gcc/arm-none-eabi/9.3.1/thumb/v7e-m+fp/hard/crtn.o
 *(.fini)
 .fini          0x0000000008006768        0x4 d:/courses/emb/stm32cubeide_1.7.0/stm32cubeide/plugins/com.st.stm32cube.ide.mcu.externaltools.gnu-tools-for-stm32.9-2020-q2-update.win32_2.0.0.202105311346/tools/bin/../lib/gcc/arm-none-eabi/9.3.1/thumb/v7e-m+fp/hard/crti.o
                0x0000000008006768                _fini
 .fini          0x000000000800676c        0x8 d:/courses/emb/stm32cubeide_1.7.0/stm32cubeide/plugins/com.st.stm32cube.ide.mcu.externaltools.gnu-tools-for-stm32.9-2020-q2-update.win32_2.0.0.202105311346/tools/bin/../lib/gcc/arm-none-eabi/9.3.1/thumb/v7e-m+fp/hard/crtn.o
                0x0000000008006774                . = ALIGN (0x4)
                0x0000000008006774                _etext = .

.vfp11_veneer   0x0000000008006774        0x0
 .vfp11_veneer  0x0000000008006774        0x0 linker stubs

.v4_bx          0x0000000008006774        0x0
 .v4_bx         0x0000000008006774        0x0 linker stubs

.iplt           0x0000000008006774        0x0
 .iplt          0x0000000008006774        0x0 d:/courses/emb/stm32cubeide_1.7.0/stm32cubeide/plugins/com.st.stm32cube.ide.mcu.externaltools.gnu-tools-for-stm32.9-2020-q2-update.win32_2.0.0.202105311346/tools/bin/../lib/gcc/arm-none-eabi/9.3.1/thumb/v7e-m+fp/hard/crtbegin.o

.rodata         0x0000000008006774     0x300c
                0x0000000008006774                . = ALIGN (0x4)
 *(.rodata)
 .rodata        0x0000000008006774       0x2a ./Core/Src/lcd.o
 *fill*         0x000000000800679e        0x2 
 .rodata        0x00000000080067a0       0x12 ./Core/Src/rtc.o
 *(.rodata*)
 *fill*         0x00000000080067b2        0x2 
 .rodata.ascii_1608
                0x00000000080067b4      0x5f0 ./Core/Src/lcd.o
                0x00000000080067b4                ascii_1608
 .rodata.ascii_2412
                0x0000000008006da4     0x11d0 ./Core/Src/lcd.o
                0x0000000008006da4                ascii_2412
 .rodata.ascii_3216
                0x0000000008007f74     0x17c0 ./Core/Src/lcd.o
                0x0000000008007f74                ascii_3216
 .rodata.AHBPrescTable
                0x0000000008009734       0x10 ./Core/Src/system_stm32f4xx.o
                0x0000000008009734                AHBPrescTable
 .rodata.APBPrescTable
                0x0000000008009744        0x8 ./Core/Src/system_stm32f4xx.o
                0x0000000008009744                APBPrescTable
 .rodata._svfprintf_r.str1.1
                0x000000000800974c       0x11 d:/courses/emb/stm32cubeide_1.7.0/stm32cubeide/plugins/com.st.stm32cube.ide.mcu.externaltools.gnu-tools-for-stm32.9-2020-q2-update.win32_2.0.0.202105311346/tools/bin/../lib/gcc/arm-none-eabi/9.3.1/../../../../arm-none-eabi/lib/thumb/v7e-m+fp/hard\libc_nano.a(lib_a-nano-svfprintf.o)
 .rodata._printf_i.str1.1
                0x000000000800975d       0x22 d:/courses/emb/stm32cubeide_1.7.0/stm32cubeide/plugins/com.st.stm32cube.ide.mcu.externaltools.gnu-tools-for-stm32.9-2020-q2-update.win32_2.0.0.202105311346/tools/bin/../lib/gcc/arm-none-eabi/9.3.1/../../../../arm-none-eabi/lib/thumb/v7e-m+fp/hard\libc_nano.a(lib_a-nano-vfprintf_i.o)
                0x0000000008009780                . = ALIGN (0x4)
 *fill*         0x000000000800977f        0x1 

.ARM.extab      0x0000000008009780        0x0
                0x0000000008009780                . = ALIGN (0x4)
 *(.ARM.extab* .gnu.linkonce.armextab.*)
                0x0000000008009780                . = ALIGN (0x4)

.ARM            0x0000000008009780        0x8
                0x0000000008009780                . = ALIGN (0x4)
                0x0000000008009780                __exidx_start = .
 *(.ARM.exidx*)
 .ARM.exidx     0x0000000008009780        0x8 d:/courses/emb/stm32cubeide_1.7.0/stm32cubeide/plugins/com.st.stm32cube.ide.mcu.externaltools.gnu-tools-for-stm32.9-2020-q2-update.win32_2.0.0.202105311346/tools/bin/../lib/gcc/arm-none-eabi/9.3.1/thumb/v7e-m+fp/hard\libgcc.a(_udivmoddi4.o)
                0x0000000008009788                __exidx_end = .
                0x0000000008009788                . = ALIGN (0x4)

.rel.dyn        0x0000000008009788        0x0
 .rel.iplt      0x0000000008009788        0x0 d:/courses/emb/stm32cubeide_1.7.0/stm32cubeide/plugins/com.st.stm32cube.ide.mcu.externaltools.gnu-tools-for-stm32.9-2020-q2-update.win32_2.0.0.202105311346/tools/bin/../lib/gcc/arm-none-eabi/9.3.1/thumb/v7e-m+fp/hard/crtbegin.o

.preinit_array  0x0000000008009788        0x0
                0x0000000008009788                . = ALIGN (0x4)
                0x0000000008009788                PROVIDE (__preinit_array_start = .)
 *(.preinit_array*)
                0x0000000008009788                PROVIDE (__preinit_array_end = .)
                0x0000000008009788                . = ALIGN (0x4)

.init_array     0x0000000008009788        0x4
                0x0000000008009788                . = ALIGN (0x4)
                0x0000000008009788                PROVIDE (__init_array_start = .)
 *(SORT_BY_NAME(.init_array.*))
 *(.init_array*)
 .init_array    0x0000000008009788        0x4 d:/courses/emb/stm32cubeide_1.7.0/stm32cubeide/plugins/com.st.stm32cube.ide.mcu.externaltools.gnu-tools-for-stm32.9-2020-q2-update.win32_2.0.0.202105311346/tools/bin/../lib/gcc/arm-none-eabi/9.3.1/thumb/v7e-m+fp/hard/crtbegin.o
                0x000000000800978c                PROVIDE (__init_array_end = .)
                0x000000000800978c                . = ALIGN (0x4)

.fini_array     0x000000000800978c        0x4
                0x000000000800978c                . = ALIGN (0x4)
                [!provide]                        PROVIDE (__fini_array_start = .)
 *(SORT_BY_NAME(.fini_array.*))
 *(.fini_array*)
 .fini_array    0x000000000800978c        0x4 d:/courses/emb/stm32cubeide_1.7.0/stm32cubeide/plugins/com.st.stm32cube.ide.mcu.externaltools.gnu-tools-for-stm32.9-2020-q2-update.win32_2.0.0.202105311346/tools/bin/../lib/gcc/arm-none-eabi/9.3.1/thumb/v7e-m+fp/hard/crtbegin.o
                [!provide]                        PROVIDE (__fini_array_end = .)
                0x0000000008009790                . = ALIGN (0x4)
                0x0000000008009790                _sidata = LOADADDR (.data)

.data           0x0000000020000000       0x7c load address 0x0000000008009790
                0x0000000020000000                . = ALIGN (0x4)
                0x0000000020000000                _sdata = .
 *(.data)
 *(.data*)
 .data.led7seg  0x0000000020000000        0x4 ./Core/Src/led_7seg.o
                0x0000000020000000                led7seg
 .data.spi_buffer
                0x0000000020000004        0x2 ./Core/Src/led_7seg.o
                0x0000000020000004                spi_buffer
 *fill*         0x0000000020000006        0x2 
 .data.current_state
                0x0000000020000008        0x4 ./Core/Src/rtc.o
                0x0000000020000008                current_state
 .data.SystemCoreClock
                0x000000002000000c        0x4 ./Core/Src/system_stm32f4xx.o
                0x000000002000000c                SystemCoreClock
 .data.uwTickPrio
                0x0000000020000010        0x4 ./Drivers/STM32F4xx_HAL_Driver/Src/stm32f4xx_hal.o
                0x0000000020000010                uwTickPrio
 .data.uwTickFreq
                0x0000000020000014        0x1 ./Drivers/STM32F4xx_HAL_Driver/Src/stm32f4xx_hal.o
                0x0000000020000014                uwTickFreq
 *fill*         0x0000000020000015        0x3 
 .data._impure_ptr
                0x0000000020000018        0x4 d:/courses/emb/stm32cubeide_1.7.0/stm32cubeide/plugins/com.st.stm32cube.ide.mcu.externaltools.gnu-tools-for-stm32.9-2020-q2-update.win32_2.0.0.202105311346/tools/bin/../lib/gcc/arm-none-eabi/9.3.1/../../../../arm-none-eabi/lib/thumb/v7e-m+fp/hard\libc_nano.a(lib_a-impure.o)
                0x0000000020000018                _impure_ptr
 .data.impure_data
                0x000000002000001c       0x60 d:/courses/emb/stm32cubeide_1.7.0/stm32cubeide/plugins/com.st.stm32cube.ide.mcu.externaltools.gnu-tools-for-stm32.9-2020-q2-update.win32_2.0.0.202105311346/tools/bin/../lib/gcc/arm-none-eabi/9.3.1/../../../../arm-none-eabi/lib/thumb/v7e-m+fp/hard\libc_nano.a(lib_a-impure.o)
 *(.RamFunc)
 *(.RamFunc*)
                0x000000002000007c                . = ALIGN (0x4)
                0x000000002000007c                _edata = .
                0x000000000800980c                _siccmram = LOADADDR (.ccmram)

.igot.plt       0x000000002000007c        0x0 load address 0x000000000800980c
 .igot.plt      0x000000002000007c        0x0 d:/courses/emb/stm32cubeide_1.7.0/stm32cubeide/plugins/com.st.stm32cube.ide.mcu.externaltools.gnu-tools-for-stm32.9-2020-q2-update.win32_2.0.0.202105311346/tools/bin/../lib/gcc/arm-none-eabi/9.3.1/thumb/v7e-m+fp/hard/crtbegin.o

.ccmram         0x0000000010000000        0x0 load address 0x000000000800980c
                0x0000000010000000                . = ALIGN (0x4)
                0x0000000010000000                _sccmram = .
 *(.ccmram)
 *(.ccmram*)
                0x0000000010000000                . = ALIGN (0x4)
                0x0000000010000000                _eccmram = .
                0x0000000010000000                . = ALIGN (0x4)

.bss            0x000000002000007c      0x23c
                0x000000002000007c                _sbss = .
                0x000000002000007c                __bss_start__ = _sbss
 *(.bss)
 .bss           0x000000002000007c       0x1c d:/courses/emb/stm32cubeide_1.7.0/stm32cubeide/plugins/com.st.stm32cube.ide.mcu.externaltools.gnu-tools-for-stm32.9-2020-q2-update.win32_2.0.0.202105311346/tools/bin/../lib/gcc/arm-none-eabi/9.3.1/thumb/v7e-m+fp/hard/crtbegin.o
 *(.bss*)
 .bss.spi_button
                0x0000000020000098        0x2 ./Core/Src/button.o
                0x0000000020000098                spi_button
 *fill*         0x000000002000009a        0x2 
 .bss.FSMC_Initialized
                0x000000002000009c        0x4 ./Core/Src/fsmc.o
 .bss.led7_index
                0x00000000200000a0        0x4 ./Core/Src/led_7seg.o
                0x00000000200000a0                led7_index
 .bss.CURRENT_MODE
                0x00000000200000a4        0x4 ./Core/Src/rtc.o
                0x00000000200000a4                CURRENT_MODE
 .bss.CURRENT_MODIFIER
                0x00000000200000a8        0x4 ./Core/Src/rtc.o
                0x00000000200000a8                CURRENT_MODIFIER
 .bss.CURRENT_YEAR
                0x00000000200000ac        0x4 ./Core/Src/rtc.o
                0x00000000200000ac                CURRENT_YEAR
 .bss.CURRENT_MONTH
                0x00000000200000b0        0x4 ./Core/Src/rtc.o
                0x00000000200000b0                CURRENT_MONTH
 .bss.CURRENT_DATE
                0x00000000200000b4        0x4 ./Core/Src/rtc.o
                0x00000000200000b4                CURRENT_DATE
 .bss.CURRENT_DAY
                0x00000000200000b8        0x4 ./Core/Src/rtc.o
                0x00000000200000b8                CURRENT_DAY
 .bss.CURRENT_HOUR
                0x00000000200000bc        0x4 ./Core/Src/rtc.o
                0x00000000200000bc                CURRENT_HOUR
 .bss.CURRENT_MINUTE
                0x00000000200000c0        0x4 ./Core/Src/rtc.o
                0x00000000200000c0                CURRENT_MINUTE
 .bss.CURRENT_SEC
                0x00000000200000c4        0x4 ./Core/Src/rtc.o
                0x00000000200000c4                CURRENT_SEC
 .bss.flag_timer1
                0x00000000200000c8        0x2 ./Core/Src/software_timer.o
                0x00000000200000c8                flag_timer1
 .bss.flag_timer2
                0x00000000200000ca        0x2 ./Core/Src/software_timer.o
                0x00000000200000ca                flag_timer2
 .bss.flag_timer3
                0x00000000200000cc        0x2 ./Core/Src/software_timer.o
                0x00000000200000cc                flag_timer3
 .bss.flag_timer4
                0x00000000200000ce        0x2 ./Core/Src/software_timer.o
                0x00000000200000ce                flag_timer4
 .bss.flag_timer5
                0x00000000200000d0        0x2 ./Core/Src/software_timer.o
                0x00000000200000d0                flag_timer5
 .bss.timer1_counter
                0x00000000200000d2        0x2 ./Core/Src/software_timer.o
                0x00000000200000d2                timer1_counter
 .bss.timer2_counter
                0x00000000200000d4        0x2 ./Core/Src/software_timer.o
                0x00000000200000d4                timer2_counter
 .bss.timer3_counter
                0x00000000200000d6        0x2 ./Core/Src/software_timer.o
                0x00000000200000d6                timer3_counter
 .bss.timer4_counter
                0x00000000200000d8        0x2 ./Core/Src/software_timer.o
                0x00000000200000d8                timer4_counter
 .bss.timer5_counter
                0x00000000200000da        0x2 ./Core/Src/software_timer.o
                0x00000000200000da                timer5_counter
 .bss.timer1_MUL
                0x00000000200000dc        0x2 ./Core/Src/software_timer.o
                0x00000000200000dc                timer1_MUL
 .bss.timer2_MUL
                0x00000000200000de        0x2 ./Core/Src/software_timer.o
                0x00000000200000de                timer2_MUL
 .bss.timer3_MUL
                0x00000000200000e0        0x2 ./Core/Src/software_timer.o
                0x00000000200000e0                timer3_MUL
 .bss.timer4_MUL
                0x00000000200000e2        0x2 ./Core/Src/software_timer.o
                0x00000000200000e2                timer4_MUL
 .bss.timer5_MUL
                0x00000000200000e4        0x2 ./Core/Src/software_timer.o
                0x00000000200000e4                timer5_MUL
 *fill*         0x00000000200000e6        0x2 
 .bss.__sbrk_heap_end
                0x00000000200000e8        0x4 ./Core/Src/sysmem.o
 .bss.__malloc_free_list
                0x00000000200000ec        0x4 d:/courses/emb/stm32cubeide_1.7.0/stm32cubeide/plugins/com.st.stm32cube.ide.mcu.externaltools.gnu-tools-for-stm32.9-2020-q2-update.win32_2.0.0.202105311346/tools/bin/../lib/gcc/arm-none-eabi/9.3.1/../../../../arm-none-eabi/lib/thumb/v7e-m+fp/hard\libc_nano.a(lib_a-nano-mallocr.o)
                0x00000000200000ec                __malloc_free_list
 .bss.__malloc_sbrk_start
                0x00000000200000f0        0x4 d:/courses/emb/stm32cubeide_1.7.0/stm32cubeide/plugins/com.st.stm32cube.ide.mcu.externaltools.gnu-tools-for-stm32.9-2020-q2-update.win32_2.0.0.202105311346/tools/bin/../lib/gcc/arm-none-eabi/9.3.1/../../../../arm-none-eabi/lib/thumb/v7e-m+fp/hard\libc_nano.a(lib_a-nano-mallocr.o)
                0x00000000200000f0                __malloc_sbrk_start
 *(COMMON)
 COMMON         0x00000000200000f4       0x20 ./Core/Src/button.o
                0x00000000200000f4                button_count
 COMMON         0x0000000020000114        0xf ./Core/Src/ds3231.o
                0x0000000020000114                ds3231_sec
                0x0000000020000115                ds3231_year
                0x0000000020000116                ds3231_min
                0x0000000020000117                ds3231_date
                0x0000000020000118                ds3231_day
                0x0000000020000119                ds3231_hours
                0x000000002000011a                ds3231_month
                0x000000002000011c                ds3231_buffer
 *fill*         0x0000000020000123        0x1 
 COMMON         0x0000000020000124       0x50 ./Core/Src/fsmc.o
                0x0000000020000124                hsram1
 COMMON         0x0000000020000174       0x54 ./Core/Src/i2c.o
                0x0000000020000174                hi2c1
 COMMON         0x00000000200001c8       0x3a ./Core/Src/lcd.o
                0x00000000200001c8                lcddev
                0x00000000200001d0                s
 *fill*         0x0000000020000202        0x2 
 COMMON         0x0000000020000204       0x58 ./Core/Src/spi.o
                0x0000000020000204                hspi1
 COMMON         0x000000002000025c       0x48 ./Core/Src/tim.o
                0x000000002000025c                htim2
 COMMON         0x00000000200002a4        0x4 ./Drivers/STM32F4xx_HAL_Driver/Src/stm32f4xx_hal.o
                0x00000000200002a4                uwTick
 COMMON         0x00000000200002a8        0x4 d:/courses/emb/stm32cubeide_1.7.0/stm32cubeide/plugins/com.st.stm32cube.ide.mcu.externaltools.gnu-tools-for-stm32.9-2020-q2-update.win32_2.0.0.202105311346/tools/bin/../lib/gcc/arm-none-eabi/9.3.1/../../../../arm-none-eabi/lib/thumb/v7e-m+fp/hard\libc_nano.a(lib_a-reent.o)
                0x00000000200002a8                errno
 COMMON         0x00000000200002ac        0x9 d:/courses/emb/stm32cubeide_1.7.0/stm32cubeide/plugins/com.st.stm32cube.ide.mcu.externaltools.gnu-tools-for-stm32.9-2020-q2-update.win32_2.0.0.202105311346/tools/bin/../lib/gcc/arm-none-eabi/9.3.1/../../../../arm-none-eabi/lib/thumb/v7e-m+fp/hard\libc_nano.a(lib_a-lock.o)
                0x00000000200002ac                __lock___atexit_recursive_mutex
                0x00000000200002ad                __lock___arc4random_mutex
                0x00000000200002ae                __lock___env_recursive_mutex
                0x00000000200002af                __lock___sinit_recursive_mutex
                0x00000000200002b0                __lock___malloc_recursive_mutex
                0x00000000200002b1                __lock___at_quick_exit_mutex
                0x00000000200002b2                __lock___dd_hash_mutex
                0x00000000200002b3                __lock___tz_mutex
                0x00000000200002b4                __lock___sfp_recursive_mutex
                0x00000000200002b8                . = ALIGN (0x4)
 *fill*         0x00000000200002b5        0x3 
                0x00000000200002b8                _ebss = .
                0x00000000200002b8                __bss_end__ = _ebss

._user_heap_stack
                0x00000000200002b8      0x600
                0x00000000200002b8                . = ALIGN (0x8)
                [!provide]                        PROVIDE (end = .)
                0x00000000200002b8                PROVIDE (_end = .)
                0x00000000200004b8                . = (. + _Min_Heap_Size)
 *fill*         0x00000000200002b8      0x200 
                0x00000000200008b8                . = (. + _Min_Stack_Size)
 *fill*         0x00000000200004b8      0x400 
                0x00000000200008b8                . = ALIGN (0x8)

/DISCARD/
 libc.a(*)
 libm.a(*)
 libgcc.a(*)

.ARM.attributes
                0x0000000000000000       0x30
 *(.ARM.attributes)
 .ARM.attributes
                0x0000000000000000       0x1e d:/courses/emb/stm32cubeide_1.7.0/stm32cubeide/plugins/com.st.stm32cube.ide.mcu.externaltools.gnu-tools-for-stm32.9-2020-q2-update.win32_2.0.0.202105311346/tools/bin/../lib/gcc/arm-none-eabi/9.3.1/thumb/v7e-m+fp/hard/crti.o
 .ARM.attributes
                0x000000000000001e       0x34 d:/courses/emb/stm32cubeide_1.7.0/stm32cubeide/plugins/com.st.stm32cube.ide.mcu.externaltools.gnu-tools-for-stm32.9-2020-q2-update.win32_2.0.0.202105311346/tools/bin/../lib/gcc/arm-none-eabi/9.3.1/thumb/v7e-m+fp/hard/crtbegin.o
 .ARM.attributes
                0x0000000000000052       0x34 ./Core/Src/button.o
 .ARM.attributes
                0x0000000000000086       0x34 ./Core/Src/ds3231.o
 .ARM.attributes
                0x00000000000000ba       0x34 ./Core/Src/fsmc.o
 .ARM.attributes
                0x00000000000000ee       0x34 ./Core/Src/gpio.o
 .ARM.attributes
                0x0000000000000122       0x34 ./Core/Src/i2c.o
 .ARM.attributes
                0x0000000000000156       0x34 ./Core/Src/lcd.o
 .ARM.attributes
                0x000000000000018a       0x34 ./Core/Src/led_7seg.o
 .ARM.attributes
                0x00000000000001be       0x34 ./Core/Src/main.o
 .ARM.attributes
                0x00000000000001f2       0x34 ./Core/Src/rtc.o
 .ARM.attributes
                0x0000000000000226       0x34 ./Core/Src/software_timer.o
 .ARM.attributes
                0x000000000000025a       0x34 ./Core/Src/spi.o
 .ARM.attributes
                0x000000000000028e       0x34 ./Core/Src/stm32f4xx_hal_msp.o
 .ARM.attributes
                0x00000000000002c2       0x34 ./Core/Src/stm32f4xx_it.o
 .ARM.attributes
                0x00000000000002f6       0x34 ./Core/Src/sysmem.o
 .ARM.attributes
                0x000000000000032a       0x34 ./Core/Src/system_stm32f4xx.o
 .ARM.attributes
                0x000000000000035e       0x34 ./Core/Src/tim.o
 .ARM.attributes
                0x0000000000000392       0x34 ./Core/Src/utils.o
 .ARM.attributes
                0x00000000000003c6       0x21 ./Core/Startup/startup_stm32f407zgtx.o
 .ARM.attributes
                0x00000000000003e7       0x34 ./Drivers/STM32F4xx_HAL_Driver/Src/stm32f4xx_hal.o
 .ARM.attributes
                0x000000000000041b       0x34 ./Drivers/STM32F4xx_HAL_Driver/Src/stm32f4xx_hal_cortex.o
 .ARM.attributes
                0x000000000000044f       0x34 ./Drivers/STM32F4xx_HAL_Driver/Src/stm32f4xx_hal_gpio.o
 .ARM.attributes
                0x0000000000000483       0x34 ./Drivers/STM32F4xx_HAL_Driver/Src/stm32f4xx_hal_i2c.o
 .ARM.attributes
                0x00000000000004b7       0x34 ./Drivers/STM32F4xx_HAL_Driver/Src/stm32f4xx_hal_rcc.o
 .ARM.attributes
                0x00000000000004eb       0x34 ./Drivers/STM32F4xx_HAL_Driver/Src/stm32f4xx_hal_spi.o
 .ARM.attributes
                0x000000000000051f       0x34 ./Drivers/STM32F4xx_HAL_Driver/Src/stm32f4xx_hal_sram.o
 .ARM.attributes
                0x0000000000000553       0x34 ./Drivers/STM32F4xx_HAL_Driver/Src/stm32f4xx_hal_tim.o
 .ARM.attributes
                0x0000000000000587       0x34 ./Drivers/STM32F4xx_HAL_Driver/Src/stm32f4xx_hal_tim_ex.o
 .ARM.attributes
                0x00000000000005bb       0x34 ./Drivers/STM32F4xx_HAL_Driver/Src/stm32f4xx_ll_fsmc.o
 .ARM.attributes
                0x00000000000005ef       0x34 d:/courses/emb/stm32cubeide_1.7.0/stm32cubeide/plugins/com.st.stm32cube.ide.mcu.externaltools.gnu-tools-for-stm32.9-2020-q2-update.win32_2.0.0.202105311346/tools/bin/../lib/gcc/arm-none-eabi/9.3.1/../../../../arm-none-eabi/lib/thumb/v7e-m+fp/hard\libc_nano.a(lib_a-errno.o)
 .ARM.attributes
                0x0000000000000623       0x32 d:/courses/emb/stm32cubeide_1.7.0/stm32cubeide/plugins/com.st.stm32cube.ide.mcu.externaltools.gnu-tools-for-stm32.9-2020-q2-update.win32_2.0.0.202105311346/tools/bin/../lib/gcc/arm-none-eabi/9.3.1/../../../../arm-none-eabi/lib/thumb/v7e-m+fp/hard\libc_nano.a(lib_a-impure.o)
 .ARM.attributes
                0x0000000000000655       0x34 d:/courses/emb/stm32cubeide_1.7.0/stm32cubeide/plugins/com.st.stm32cube.ide.mcu.externaltools.gnu-tools-for-stm32.9-2020-q2-update.win32_2.0.0.202105311346/tools/bin/../lib/gcc/arm-none-eabi/9.3.1/../../../../arm-none-eabi/lib/thumb/v7e-m+fp/hard\libc_nano.a(lib_a-init.o)
 .ARM.attributes
                0x0000000000000689       0x34 d:/courses/emb/stm32cubeide_1.7.0/stm32cubeide/plugins/com.st.stm32cube.ide.mcu.externaltools.gnu-tools-for-stm32.9-2020-q2-update.win32_2.0.0.202105311346/tools/bin/../lib/gcc/arm-none-eabi/9.3.1/../../../../arm-none-eabi/lib/thumb/v7e-m+fp/hard\libc_nano.a(lib_a-memset.o)
 .ARM.attributes
                0x00000000000006bd       0x34 d:/courses/emb/stm32cubeide_1.7.0/stm32cubeide/plugins/com.st.stm32cube.ide.mcu.externaltools.gnu-tools-for-stm32.9-2020-q2-update.win32_2.0.0.202105311346/tools/bin/../lib/gcc/arm-none-eabi/9.3.1/../../../../arm-none-eabi/lib/thumb/v7e-m+fp/hard\libc_nano.a(lib_a-sprintf.o)
 .ARM.attributes
                0x00000000000006f1       0x17 d:/courses/emb/stm32cubeide_1.7.0/stm32cubeide/plugins/com.st.stm32cube.ide.mcu.externaltools.gnu-tools-for-stm32.9-2020-q2-update.win32_2.0.0.202105311346/tools/bin/../lib/gcc/arm-none-eabi/9.3.1/../../../../arm-none-eabi/lib/thumb/v7e-m+fp/hard\libc_nano.a(lib_a-strlen.o)
 .ARM.attributes
                0x0000000000000708       0x34 d:/courses/emb/stm32cubeide_1.7.0/stm32cubeide/plugins/com.st.stm32cube.ide.mcu.externaltools.gnu-tools-for-stm32.9-2020-q2-update.win32_2.0.0.202105311346/tools/bin/../lib/gcc/arm-none-eabi/9.3.1/../../../../arm-none-eabi/lib/thumb/v7e-m+fp/hard\libc_nano.a(lib_a-nano-svfprintf.o)
 .ARM.attributes
                0x000000000000073c       0x34 d:/courses/emb/stm32cubeide_1.7.0/stm32cubeide/plugins/com.st.stm32cube.ide.mcu.externaltools.gnu-tools-for-stm32.9-2020-q2-update.win32_2.0.0.202105311346/tools/bin/../lib/gcc/arm-none-eabi/9.3.1/../../../../arm-none-eabi/lib/thumb/v7e-m+fp/hard\libc_nano.a(lib_a-nano-vfprintf_i.o)
 .ARM.attributes
                0x0000000000000770       0x1c d:/courses/emb/stm32cubeide_1.7.0/stm32cubeide/plugins/com.st.stm32cube.ide.mcu.externaltools.gnu-tools-for-stm32.9-2020-q2-update.win32_2.0.0.202105311346/tools/bin/../lib/gcc/arm-none-eabi/9.3.1/../../../../arm-none-eabi/lib/thumb/v7e-m+fp/hard\libc_nano.a(lib_a-memchr.o)
 .ARM.attributes
                0x000000000000078c       0x34 d:/courses/emb/stm32cubeide_1.7.0/stm32cubeide/plugins/com.st.stm32cube.ide.mcu.externaltools.gnu-tools-for-stm32.9-2020-q2-update.win32_2.0.0.202105311346/tools/bin/../lib/gcc/arm-none-eabi/9.3.1/../../../../arm-none-eabi/lib/thumb/v7e-m+fp/hard\libc_nano.a(lib_a-memcpy-stub.o)
 .ARM.attributes
                0x00000000000007c0       0x34 d:/courses/emb/stm32cubeide_1.7.0/stm32cubeide/plugins/com.st.stm32cube.ide.mcu.externaltools.gnu-tools-for-stm32.9-2020-q2-update.win32_2.0.0.202105311346/tools/bin/../lib/gcc/arm-none-eabi/9.3.1/../../../../arm-none-eabi/lib/thumb/v7e-m+fp/hard\libc_nano.a(lib_a-memmove.o)
 .ARM.attributes
                0x00000000000007f4       0x34 d:/courses/emb/stm32cubeide_1.7.0/stm32cubeide/plugins/com.st.stm32cube.ide.mcu.externaltools.gnu-tools-for-stm32.9-2020-q2-update.win32_2.0.0.202105311346/tools/bin/../lib/gcc/arm-none-eabi/9.3.1/../../../../arm-none-eabi/lib/thumb/v7e-m+fp/hard\libc_nano.a(lib_a-nano-freer.o)
 .ARM.attributes
                0x0000000000000828       0x34 d:/courses/emb/stm32cubeide_1.7.0/stm32cubeide/plugins/com.st.stm32cube.ide.mcu.externaltools.gnu-tools-for-stm32.9-2020-q2-update.win32_2.0.0.202105311346/tools/bin/../lib/gcc/arm-none-eabi/9.3.1/../../../../arm-none-eabi/lib/thumb/v7e-m+fp/hard\libc_nano.a(lib_a-nano-mallocr.o)
 .ARM.attributes
                0x000000000000085c       0x34 d:/courses/emb/stm32cubeide_1.7.0/stm32cubeide/plugins/com.st.stm32cube.ide.mcu.externaltools.gnu-tools-for-stm32.9-2020-q2-update.win32_2.0.0.202105311346/tools/bin/../lib/gcc/arm-none-eabi/9.3.1/../../../../arm-none-eabi/lib/thumb/v7e-m+fp/hard\libc_nano.a(lib_a-nano-reallocr.o)
 .ARM.attributes
                0x0000000000000890       0x34 d:/courses/emb/stm32cubeide_1.7.0/stm32cubeide/plugins/com.st.stm32cube.ide.mcu.externaltools.gnu-tools-for-stm32.9-2020-q2-update.win32_2.0.0.202105311346/tools/bin/../lib/gcc/arm-none-eabi/9.3.1/../../../../arm-none-eabi/lib/thumb/v7e-m+fp/hard\libc_nano.a(lib_a-sbrkr.o)
 .ARM.attributes
                0x00000000000008c4       0x34 d:/courses/emb/stm32cubeide_1.7.0/stm32cubeide/plugins/com.st.stm32cube.ide.mcu.externaltools.gnu-tools-for-stm32.9-2020-q2-update.win32_2.0.0.202105311346/tools/bin/../lib/gcc/arm-none-eabi/9.3.1/../../../../arm-none-eabi/lib/thumb/v7e-m+fp/hard\libc_nano.a(lib_a-mlock.o)
 .ARM.attributes
                0x00000000000008f8       0x34 d:/courses/emb/stm32cubeide_1.7.0/stm32cubeide/plugins/com.st.stm32cube.ide.mcu.externaltools.gnu-tools-for-stm32.9-2020-q2-update.win32_2.0.0.202105311346/tools/bin/../lib/gcc/arm-none-eabi/9.3.1/../../../../arm-none-eabi/lib/thumb/v7e-m+fp/hard\libc_nano.a(lib_a-nano-msizer.o)
 .ARM.attributes
                0x000000000000092c       0x34 d:/courses/emb/stm32cubeide_1.7.0/stm32cubeide/plugins/com.st.stm32cube.ide.mcu.externaltools.gnu-tools-for-stm32.9-2020-q2-update.win32_2.0.0.202105311346/tools/bin/../lib/gcc/arm-none-eabi/9.3.1/../../../../arm-none-eabi/lib/thumb/v7e-m+fp/hard\libc_nano.a(lib_a-reent.o)
 .ARM.attributes
                0x0000000000000960       0x34 d:/courses/emb/stm32cubeide_1.7.0/stm32cubeide/plugins/com.st.stm32cube.ide.mcu.externaltools.gnu-tools-for-stm32.9-2020-q2-update.win32_2.0.0.202105311346/tools/bin/../lib/gcc/arm-none-eabi/9.3.1/../../../../arm-none-eabi/lib/thumb/v7e-m+fp/hard\libc_nano.a(lib_a-lock.o)
 .ARM.attributes
                0x0000000000000994       0x1e d:/courses/emb/stm32cubeide_1.7.0/stm32cubeide/plugins/com.st.stm32cube.ide.mcu.externaltools.gnu-tools-for-stm32.9-2020-q2-update.win32_2.0.0.202105311346/tools/bin/../lib/gcc/arm-none-eabi/9.3.1/thumb/v7e-m+fp/hard\libgcc.a(_aeabi_uldivmod.o)
 .ARM.attributes
                0x00000000000009b2       0x34 d:/courses/emb/stm32cubeide_1.7.0/stm32cubeide/plugins/com.st.stm32cube.ide.mcu.externaltools.gnu-tools-for-stm32.9-2020-q2-update.win32_2.0.0.202105311346/tools/bin/../lib/gcc/arm-none-eabi/9.3.1/thumb/v7e-m+fp/hard\libgcc.a(_udivmoddi4.o)
 .ARM.attributes
                0x00000000000009e6       0x1e d:/courses/emb/stm32cubeide_1.7.0/stm32cubeide/plugins/com.st.stm32cube.ide.mcu.externaltools.gnu-tools-for-stm32.9-2020-q2-update.win32_2.0.0.202105311346/tools/bin/../lib/gcc/arm-none-eabi/9.3.1/thumb/v7e-m+fp/hard\libgcc.a(_dvmd_tls.o)
 .ARM.attributes
                0x0000000000000a04       0x1e d:/courses/emb/stm32cubeide_1.7.0/stm32cubeide/plugins/com.st.stm32cube.ide.mcu.externaltools.gnu-tools-for-stm32.9-2020-q2-update.win32_2.0.0.202105311346/tools/bin/../lib/gcc/arm-none-eabi/9.3.1/thumb/v7e-m+fp/hard/crtn.o
OUTPUT(LCD_LAB3.elf elf32-littlearm)
LOAD linker stubs
LOAD d:/courses/emb/stm32cubeide_1.7.0/stm32cubeide/plugins/com.st.stm32cube.ide.mcu.externaltools.gnu-tools-for-stm32.9-2020-q2-update.win32_2.0.0.202105311346/tools/bin/../lib/gcc/arm-none-eabi/9.3.1/../../../../arm-none-eabi/lib/thumb/v7e-m+fp/hard\libc.a
LOAD d:/courses/emb/stm32cubeide_1.7.0/stm32cubeide/plugins/com.st.stm32cube.ide.mcu.externaltools.gnu-tools-for-stm32.9-2020-q2-update.win32_2.0.0.202105311346/tools/bin/../lib/gcc/arm-none-eabi/9.3.1/../../../../arm-none-eabi/lib/thumb/v7e-m+fp/hard\libm.a
LOAD d:/courses/emb/stm32cubeide_1.7.0/stm32cubeide/plugins/com.st.stm32cube.ide.mcu.externaltools.gnu-tools-for-stm32.9-2020-q2-update.win32_2.0.0.202105311346/tools/bin/../lib/gcc/arm-none-eabi/9.3.1/thumb/v7e-m+fp/hard\libgcc.a

.debug_info     0x0000000000000000    0x1817f
 .debug_info    0x0000000000000000      0x7f4 ./Core/Src/button.o
 .debug_info    0x00000000000007f4      0x839 ./Core/Src/ds3231.o
 .debug_info    0x000000000000102d      0xa96 ./Core/Src/fsmc.o
 .debug_info    0x0000000000001ac3      0x569 ./Core/Src/gpio.o
 .debug_info    0x000000000000202c      0xa7d ./Core/Src/i2c.o
 .debug_info    0x0000000000002aa9     0x18d2 ./Core/Src/lcd.o
 .debug_info    0x000000000000437b      0x89c ./Core/Src/led_7seg.o
 .debug_info    0x0000000000004c17     0x1ea1 ./Core/Src/main.o
 .debug_info    0x0000000000006ab8     0x18b1 ./Core/Src/rtc.o
 .debug_info    0x0000000000008369      0x9aa ./Core/Src/software_timer.o
 .debug_info    0x0000000000008d13      0xa5a ./Core/Src/spi.o
 .debug_info    0x000000000000976d      0x394 ./Core/Src/stm32f4xx_hal_msp.o
 .debug_info    0x0000000000009b01      0x801 ./Core/Src/stm32f4xx_it.o
 .debug_info    0x000000000000a302      0xa25 ./Core/Src/sysmem.o
 .debug_info    0x000000000000ad27      0x5a4 ./Core/Src/system_stm32f4xx.o
 .debug_info    0x000000000000b2cb      0xc88 ./Core/Src/tim.o
 .debug_info    0x000000000000bf53       0xd8 ./Core/Src/utils.o
 .debug_info    0x000000000000c02b       0x22 ./Core/Startup/startup_stm32f407zgtx.o
 .debug_info    0x000000000000c04d      0x9b2 ./Drivers/STM32F4xx_HAL_Driver/Src/stm32f4xx_hal.o
 .debug_info    0x000000000000c9ff      0xed7 ./Drivers/STM32F4xx_HAL_Driver/Src/stm32f4xx_hal_cortex.o
 .debug_info    0x000000000000d8d6      0x83e ./Drivers/STM32F4xx_HAL_Driver/Src/stm32f4xx_hal_gpio.o
 .debug_info    0x000000000000e114     0x264d ./Drivers/STM32F4xx_HAL_Driver/Src/stm32f4xx_hal_i2c.o
 .debug_info    0x0000000000010761      0x996 ./Drivers/STM32F4xx_HAL_Driver/Src/stm32f4xx_hal_rcc.o
 .debug_info    0x00000000000110f7     0x17c0 ./Drivers/STM32F4xx_HAL_Driver/Src/stm32f4xx_hal_spi.o
 .debug_info    0x00000000000128b7      0xbab ./Drivers/STM32F4xx_HAL_Driver/Src/stm32f4xx_hal_sram.o
 .debug_info    0x0000000000013462     0x2c22 ./Drivers/STM32F4xx_HAL_Driver/Src/stm32f4xx_hal_tim.o
 .debug_info    0x0000000000016084     0x15a2 ./Drivers/STM32F4xx_HAL_Driver/Src/stm32f4xx_hal_tim_ex.o
 .debug_info    0x0000000000017626      0xb59 ./Drivers/STM32F4xx_HAL_Driver/Src/stm32f4xx_ll_fsmc.o

.debug_abbrev   0x0000000000000000     0x358a
 .debug_abbrev  0x0000000000000000      0x1bf ./Core/Src/button.o
 .debug_abbrev  0x00000000000001bf      0x1a7 ./Core/Src/ds3231.o
 .debug_abbrev  0x0000000000000366      0x1e2 ./Core/Src/fsmc.o
 .debug_abbrev  0x0000000000000548      0x14e ./Core/Src/gpio.o
 .debug_abbrev  0x0000000000000696      0x1bb ./Core/Src/i2c.o
 .debug_abbrev  0x0000000000000851      0x3c2 ./Core/Src/lcd.o
 .debug_abbrev  0x0000000000000c13      0x1a9 ./Core/Src/led_7seg.o
 .debug_abbrev  0x0000000000000dbc      0x2ed ./Core/Src/main.o
 .debug_abbrev  0x00000000000010a9      0x272 ./Core/Src/rtc.o
 .debug_abbrev  0x000000000000131b      0x1e4 ./Core/Src/software_timer.o
 .debug_abbrev  0x00000000000014ff      0x1bb ./Core/Src/spi.o
 .debug_abbrev  0x00000000000016ba      0x11d ./Core/Src/stm32f4xx_hal_msp.o
 .debug_abbrev  0x00000000000017d7      0x176 ./Core/Src/stm32f4xx_it.o
 .debug_abbrev  0x000000000000194d      0x1bf ./Core/Src/sysmem.o
 .debug_abbrev  0x0000000000001b0c      0x145 ./Core/Src/system_stm32f4xx.o
 .debug_abbrev  0x0000000000001c51      0x1bb ./Core/Src/tim.o
 .debug_abbrev  0x0000000000001e0c       0x87 ./Core/Src/utils.o
 .debug_abbrev  0x0000000000001e93       0x12 ./Core/Startup/startup_stm32f407zgtx.o
 .debug_abbrev  0x0000000000001ea5      0x1ed ./Drivers/STM32F4xx_HAL_Driver/Src/stm32f4xx_hal.o
 .debug_abbrev  0x0000000000002092      0x33c ./Drivers/STM32F4xx_HAL_Driver/Src/stm32f4xx_hal_cortex.o
 .debug_abbrev  0x00000000000023ce      0x1f1 ./Drivers/STM32F4xx_HAL_Driver/Src/stm32f4xx_hal_gpio.o
 .debug_abbrev  0x00000000000025bf      0x282 ./Drivers/STM32F4xx_HAL_Driver/Src/stm32f4xx_hal_i2c.o
 .debug_abbrev  0x0000000000002841      0x275 ./Drivers/STM32F4xx_HAL_Driver/Src/stm32f4xx_hal_rcc.o
 .debug_abbrev  0x0000000000002ab6      0x26e ./Drivers/STM32F4xx_HAL_Driver/Src/stm32f4xx_hal_spi.o
 .debug_abbrev  0x0000000000002d24      0x1f4 ./Drivers/STM32F4xx_HAL_Driver/Src/stm32f4xx_hal_sram.o
 .debug_abbrev  0x0000000000002f18      0x25e ./Drivers/STM32F4xx_HAL_Driver/Src/stm32f4xx_hal_tim.o
 .debug_abbrev  0x0000000000003176      0x266 ./Drivers/STM32F4xx_HAL_Driver/Src/stm32f4xx_hal_tim_ex.o
 .debug_abbrev  0x00000000000033dc      0x1ae ./Drivers/STM32F4xx_HAL_Driver/Src/stm32f4xx_ll_fsmc.o

.debug_aranges  0x0000000000000000     0x1290
 .debug_aranges
                0x0000000000000000       0x28 ./Core/Src/button.o
 .debug_aranges
                0x0000000000000028       0x30 ./Core/Src/ds3231.o
 .debug_aranges
                0x0000000000000058       0x40 ./Core/Src/fsmc.o
 .debug_aranges
                0x0000000000000098       0x20 ./Core/Src/gpio.o
 .debug_aranges
                0x00000000000000b8       0x30 ./Core/Src/i2c.o
 .debug_aranges
                0x00000000000000e8       0xf8 ./Core/Src/lcd.o
 .debug_aranges
                0x00000000000001e0       0x48 ./Core/Src/led_7seg.o
 .debug_aranges
                0x0000000000000228       0x60 ./Core/Src/main.o
 .debug_aranges
                0x0000000000000288       0x60 ./Core/Src/rtc.o
 .debug_aranges
                0x00000000000002e8       0x50 ./Core/Src/software_timer.o
 .debug_aranges
                0x0000000000000338       0x30 ./Core/Src/spi.o
 .debug_aranges
                0x0000000000000368       0x20 ./Core/Src/stm32f4xx_hal_msp.o
 .debug_aranges
                0x0000000000000388       0x68 ./Core/Src/stm32f4xx_it.o
 .debug_aranges
                0x00000000000003f0       0x20 ./Core/Src/sysmem.o
 .debug_aranges
                0x0000000000000410       0x28 ./Core/Src/system_stm32f4xx.o
 .debug_aranges
                0x0000000000000438       0x30 ./Core/Src/tim.o
 .debug_aranges
                0x0000000000000468       0x28 ./Core/Src/utils.o
 .debug_aranges
                0x0000000000000490       0x28 ./Core/Startup/startup_stm32f407zgtx.o
 .debug_aranges
                0x00000000000004b8       0xf0 ./Drivers/STM32F4xx_HAL_Driver/Src/stm32f4xx_hal.o
 .debug_aranges
                0x00000000000005a8      0x118 ./Drivers/STM32F4xx_HAL_Driver/Src/stm32f4xx_hal_cortex.o
 .debug_aranges
                0x00000000000006c0       0x58 ./Drivers/STM32F4xx_HAL_Driver/Src/stm32f4xx_hal_gpio.o
 .debug_aranges
                0x0000000000000718      0x2a0 ./Drivers/STM32F4xx_HAL_Driver/Src/stm32f4xx_hal_i2c.o
 .debug_aranges
                0x00000000000009b8       0x88 ./Drivers/STM32F4xx_HAL_Driver/Src/stm32f4xx_hal_rcc.o
 .debug_aranges
                0x0000000000000a40      0x1d0 ./Drivers/STM32F4xx_HAL_Driver/Src/stm32f4xx_hal_spi.o
 .debug_aranges
                0x0000000000000c10       0xa0 ./Drivers/STM32F4xx_HAL_Driver/Src/stm32f4xx_hal_sram.o
 .debug_aranges
                0x0000000000000cb0      0x3d0 ./Drivers/STM32F4xx_HAL_Driver/Src/stm32f4xx_hal_tim.o
 .debug_aranges
                0x0000000000001080      0x168 ./Drivers/STM32F4xx_HAL_Driver/Src/stm32f4xx_hal_tim_ex.o
 .debug_aranges
                0x00000000000011e8       0xa8 ./Drivers/STM32F4xx_HAL_Driver/Src/stm32f4xx_ll_fsmc.o

.debug_ranges   0x0000000000000000     0x1100
 .debug_ranges  0x0000000000000000       0x18 ./Core/Src/button.o
 .debug_ranges  0x0000000000000018       0x20 ./Core/Src/ds3231.o
 .debug_ranges  0x0000000000000038       0x30 ./Core/Src/fsmc.o
 .debug_ranges  0x0000000000000068       0x10 ./Core/Src/gpio.o
 .debug_ranges  0x0000000000000078       0x20 ./Core/Src/i2c.o
 .debug_ranges  0x0000000000000098       0xe8 ./Core/Src/lcd.o
 .debug_ranges  0x0000000000000180       0x38 ./Core/Src/led_7seg.o
 .debug_ranges  0x00000000000001b8       0x50 ./Core/Src/main.o
 .debug_ranges  0x0000000000000208       0x50 ./Core/Src/rtc.o
 .debug_ranges  0x0000000000000258       0x40 ./Core/Src/software_timer.o
 .debug_ranges  0x0000000000000298       0x20 ./Core/Src/spi.o
 .debug_ranges  0x00000000000002b8       0x10 ./Core/Src/stm32f4xx_hal_msp.o
 .debug_ranges  0x00000000000002c8       0x58 ./Core/Src/stm32f4xx_it.o
 .debug_ranges  0x0000000000000320       0x10 ./Core/Src/sysmem.o
 .debug_ranges  0x0000000000000330       0x18 ./Core/Src/system_stm32f4xx.o
 .debug_ranges  0x0000000000000348       0x20 ./Core/Src/tim.o
 .debug_ranges  0x0000000000000368       0x18 ./Core/Src/utils.o
 .debug_ranges  0x0000000000000380       0x20 ./Core/Startup/startup_stm32f407zgtx.o
 .debug_ranges  0x00000000000003a0       0xe0 ./Drivers/STM32F4xx_HAL_Driver/Src/stm32f4xx_hal.o
 .debug_ranges  0x0000000000000480      0x108 ./Drivers/STM32F4xx_HAL_Driver/Src/stm32f4xx_hal_cortex.o
 .debug_ranges  0x0000000000000588       0x48 ./Drivers/STM32F4xx_HAL_Driver/Src/stm32f4xx_hal_gpio.o
 .debug_ranges  0x00000000000005d0      0x2b8 ./Drivers/STM32F4xx_HAL_Driver/Src/stm32f4xx_hal_i2c.o
 .debug_ranges  0x0000000000000888       0x78 ./Drivers/STM32F4xx_HAL_Driver/Src/stm32f4xx_hal_rcc.o
 .debug_ranges  0x0000000000000900      0x1c0 ./Drivers/STM32F4xx_HAL_Driver/Src/stm32f4xx_hal_spi.o
 .debug_ranges  0x0000000000000ac0       0x90 ./Drivers/STM32F4xx_HAL_Driver/Src/stm32f4xx_hal_sram.o
 .debug_ranges  0x0000000000000b50      0x3c0 ./Drivers/STM32F4xx_HAL_Driver/Src/stm32f4xx_hal_tim.o
 .debug_ranges  0x0000000000000f10      0x158 ./Drivers/STM32F4xx_HAL_Driver/Src/stm32f4xx_hal_tim_ex.o
 .debug_ranges  0x0000000000001068       0x98 ./Drivers/STM32F4xx_HAL_Driver/Src/stm32f4xx_ll_fsmc.o

.debug_macro    0x0000000000000000    0x2379f
 .debug_macro   0x0000000000000000      0x230 ./Core/Src/button.o
 .debug_macro   0x0000000000000230      0xaa8 ./Core/Src/button.o
 .debug_macro   0x0000000000000cd8      0x2a7 ./Core/Src/button.o
 .debug_macro   0x0000000000000f7f       0x2e ./Core/Src/button.o
 .debug_macro   0x0000000000000fad       0x2f ./Core/Src/button.o
 .debug_macro   0x0000000000000fdc       0x22 ./Core/Src/button.o
 .debug_macro   0x0000000000000ffe       0x8e ./Core/Src/button.o
 .debug_macro   0x000000000000108c       0x51 ./Core/Src/button.o
 .debug_macro   0x00000000000010dd      0x103 ./Core/Src/button.o
 .debug_macro   0x00000000000011e0       0x6a ./Core/Src/button.o
 .debug_macro   0x000000000000124a      0x1df ./Core/Src/button.o
 .debug_macro   0x0000000000001429       0x1c ./Core/Src/button.o
 .debug_macro   0x0000000000001445       0x22 ./Core/Src/button.o
 .debug_macro   0x0000000000001467       0xdf ./Core/Src/button.o
 .debug_macro   0x0000000000001546     0x102d ./Core/Src/button.o
 .debug_macro   0x0000000000002573      0x11f ./Core/Src/button.o
 .debug_macro   0x0000000000002692    0x15e58 ./Core/Src/button.o
 .debug_macro   0x00000000000184ea       0x6d ./Core/Src/button.o
 .debug_macro   0x0000000000018557     0x3666 ./Core/Src/button.o
 .debug_macro   0x000000000001bbbd      0x174 ./Core/Src/button.o
 .debug_macro   0x000000000001bd31       0x5c ./Core/Src/button.o
 .debug_macro   0x000000000001bd8d      0x96b ./Core/Src/button.o
 .debug_macro   0x000000000001c6f8      0x9fe ./Core/Src/button.o
 .debug_macro   0x000000000001d0f6      0x116 ./Core/Src/button.o
 .debug_macro   0x000000000001d20c      0x13e ./Core/Src/button.o
 .debug_macro   0x000000000001d34a       0xa5 ./Core/Src/button.o
 .debug_macro   0x000000000001d3ef      0x174 ./Core/Src/button.o
 .debug_macro   0x000000000001d563      0x287 ./Core/Src/button.o
 .debug_macro   0x000000000001d7ea       0x5f ./Core/Src/button.o
 .debug_macro   0x000000000001d849      0x236 ./Core/Src/button.o
 .debug_macro   0x000000000001da7f      0x12c ./Core/Src/button.o
 .debug_macro   0x000000000001dbab      0x21e ./Core/Src/button.o
 .debug_macro   0x000000000001ddc9       0x2e ./Core/Src/button.o
 .debug_macro   0x000000000001ddf7      0x543 ./Core/Src/button.o
 .debug_macro   0x000000000001e33a      0x1b5 ./Core/Src/button.o
 .debug_macro   0x000000000001e4ef       0xd6 ./Core/Src/button.o
 .debug_macro   0x000000000001e5c5      0x11a ./Core/Src/button.o
 .debug_macro   0x000000000001e6df       0x7e ./Core/Src/button.o
 .debug_macro   0x000000000001e75d       0x89 ./Core/Src/button.o
 .debug_macro   0x000000000001e7e6      0x225 ./Core/Src/button.o
 .debug_macro   0x000000000001ea0b      0x8d1 ./Core/Src/button.o
 .debug_macro   0x000000000001f2dc       0x47 ./Core/Src/button.o
 .debug_macro   0x000000000001f323      0x12d ./Core/Src/button.o
 .debug_macro   0x000000000001f450       0x4c ./Core/Src/button.o
 .debug_macro   0x000000000001f49c      0x23b ./Core/Src/ds3231.o
 .debug_macro   0x000000000001f6d7       0x2e ./Core/Src/ds3231.o
 .debug_macro   0x000000000001f705      0x21c ./Core/Src/fsmc.o
 .debug_macro   0x000000000001f921      0x21c ./Core/Src/gpio.o
 .debug_macro   0x000000000001fb3d      0x21c ./Core/Src/i2c.o
 .debug_macro   0x000000000001fd59      0x33a ./Core/Src/lcd.o
 .debug_macro   0x0000000000020093       0x18 ./Core/Src/lcd.o
 .debug_macro   0x00000000000200ab       0x52 ./Core/Src/lcd.o
 .debug_macro   0x00000000000200fd       0x3c ./Core/Src/lcd.o
 .debug_macro   0x0000000000020139       0x34 ./Core/Src/lcd.o
 .debug_macro   0x000000000002016d       0x16 ./Core/Src/lcd.o
 .debug_macro   0x0000000000020183       0x35 ./Core/Src/lcd.o
 .debug_macro   0x00000000000201b8       0x16 ./Core/Src/lcd.o
 .debug_macro   0x00000000000201ce       0x43 ./Core/Src/lcd.o
 .debug_macro   0x0000000000020211       0x34 ./Core/Src/lcd.o
 .debug_macro   0x0000000000020245       0x10 ./Core/Src/lcd.o
 .debug_macro   0x0000000000020255       0x58 ./Core/Src/lcd.o
 .debug_macro   0x00000000000202ad       0x71 ./Core/Src/lcd.o
 .debug_macro   0x000000000002031e       0x1c ./Core/Src/lcd.o
 .debug_macro   0x000000000002033a      0x12a ./Core/Src/lcd.o
 .debug_macro   0x0000000000020464      0x333 ./Core/Src/lcd.o
 .debug_macro   0x0000000000020797       0x16 ./Core/Src/lcd.o
 .debug_macro   0x00000000000207ad       0x29 ./Core/Src/lcd.o
 .debug_macro   0x00000000000207d6       0x16 ./Core/Src/lcd.o
 .debug_macro   0x00000000000207ec       0x20 ./Core/Src/lcd.o
 .debug_macro   0x000000000002080c       0xca ./Core/Src/lcd.o
 .debug_macro   0x00000000000208d6       0x3a ./Core/Src/lcd.o
 .debug_macro   0x0000000000020910      0x226 ./Core/Src/led_7seg.o
 .debug_macro   0x0000000000020b36      0x3ad ./Core/Src/main.o
 .debug_macro   0x0000000000020ee3      0x37b ./Core/Src/rtc.o
 .debug_macro   0x000000000002125e      0x232 ./Core/Src/software_timer.o
 .debug_macro   0x0000000000021490      0x21c ./Core/Src/spi.o
 .debug_macro   0x00000000000216ac      0x212 ./Core/Src/stm32f4xx_hal_msp.o
 .debug_macro   0x00000000000218be      0x21c ./Core/Src/stm32f4xx_it.o
 .debug_macro   0x0000000000021ada       0xff ./Core/Src/sysmem.o
 .debug_macro   0x0000000000021bd9      0x23b ./Core/Src/sysmem.o
 .debug_macro   0x0000000000021e14      0x203 ./Core/Src/system_stm32f4xx.o
 .debug_macro   0x0000000000022017      0x21c ./Core/Src/tim.o
 .debug_macro   0x0000000000022233       0x6d ./Core/Src/utils.o
 .debug_macro   0x00000000000222a0      0x263 ./Drivers/STM32F4xx_HAL_Driver/Src/stm32f4xx_hal.o
 .debug_macro   0x0000000000022503      0x203 ./Drivers/STM32F4xx_HAL_Driver/Src/stm32f4xx_hal_cortex.o
 .debug_macro   0x0000000000022706      0x209 ./Drivers/STM32F4xx_HAL_Driver/Src/stm32f4xx_hal_gpio.o
 .debug_macro   0x000000000002290f      0x24a ./Drivers/STM32F4xx_HAL_Driver/Src/stm32f4xx_hal_i2c.o
 .debug_macro   0x0000000000022b59      0x227 ./Drivers/STM32F4xx_HAL_Driver/Src/stm32f4xx_hal_rcc.o
 .debug_macro   0x0000000000022d80      0x212 ./Drivers/STM32F4xx_HAL_Driver/Src/stm32f4xx_hal_spi.o
 .debug_macro   0x0000000000022f92      0x203 ./Drivers/STM32F4xx_HAL_Driver/Src/stm32f4xx_hal_sram.o
 .debug_macro   0x0000000000023195      0x204 ./Drivers/STM32F4xx_HAL_Driver/Src/stm32f4xx_hal_tim.o
 .debug_macro   0x0000000000023399      0x203 ./Drivers/STM32F4xx_HAL_Driver/Src/stm32f4xx_hal_tim_ex.o
 .debug_macro   0x000000000002359c      0x203 ./Drivers/STM32F4xx_HAL_Driver/Src/stm32f4xx_ll_fsmc.o

.debug_line     0x0000000000000000    0x18097
 .debug_line    0x0000000000000000      0x7d5 ./Core/Src/button.o
 .debug_line    0x00000000000007d5      0x7ed ./Core/Src/ds3231.o
 .debug_line    0x0000000000000fc2      0x84a ./Core/Src/fsmc.o
 .debug_line    0x000000000000180c      0x78f ./Core/Src/gpio.o
 .debug_line    0x0000000000001f9b      0x7b3 ./Core/Src/i2c.o
 .debug_line    0x000000000000274e     0x10bd ./Core/Src/lcd.o
 .debug_line    0x000000000000380b      0x842 ./Core/Src/led_7seg.o
 .debug_line    0x000000000000404d      0xb90 ./Core/Src/main.o
 .debug_line    0x0000000000004bdd      0xbfb ./Core/Src/rtc.o
 .debug_line    0x00000000000057d8      0x87a ./Core/Src/software_timer.o
 .debug_line    0x0000000000006052      0x7bb ./Core/Src/spi.o
 .debug_line    0x000000000000680d      0x74a ./Core/Src/stm32f4xx_hal_msp.o
 .debug_line    0x0000000000006f57      0x824 ./Core/Src/stm32f4xx_it.o
 .debug_line    0x000000000000777b      0x525 ./Core/Src/sysmem.o
 .debug_line    0x0000000000007ca0      0x7cb ./Core/Src/system_stm32f4xx.o
 .debug_line    0x000000000000846b      0x7b7 ./Core/Src/tim.o
 .debug_line    0x0000000000008c22      0x3e6 ./Core/Src/utils.o
 .debug_line    0x0000000000009008       0x88 ./Core/Startup/startup_stm32f407zgtx.o
 .debug_line    0x0000000000009090      0xa31 ./Drivers/STM32F4xx_HAL_Driver/Src/stm32f4xx_hal.o
 .debug_line    0x0000000000009ac1      0xce0 ./Drivers/STM32F4xx_HAL_Driver/Src/stm32f4xx_hal_cortex.o
 .debug_line    0x000000000000a7a1      0xba7 ./Drivers/STM32F4xx_HAL_Driver/Src/stm32f4xx_hal_gpio.o
 .debug_line    0x000000000000b348     0x39dd ./Drivers/STM32F4xx_HAL_Driver/Src/stm32f4xx_hal_i2c.o
 .debug_line    0x000000000000ed25      0xdad ./Drivers/STM32F4xx_HAL_Driver/Src/stm32f4xx_hal_rcc.o
 .debug_line    0x000000000000fad2     0x1cb9 ./Drivers/STM32F4xx_HAL_Driver/Src/stm32f4xx_hal_spi.o
 .debug_line    0x000000000001178b      0xbd3 ./Drivers/STM32F4xx_HAL_Driver/Src/stm32f4xx_hal_sram.o
 .debug_line    0x000000000001235e     0x3725 ./Drivers/STM32F4xx_HAL_Driver/Src/stm32f4xx_hal_tim.o
 .debug_line    0x0000000000015a83     0x1a2e ./Drivers/STM32F4xx_HAL_Driver/Src/stm32f4xx_hal_tim_ex.o
 .debug_line    0x00000000000174b1      0xbe6 ./Drivers/STM32F4xx_HAL_Driver/Src/stm32f4xx_ll_fsmc.o

.debug_str      0x0000000000000000    0xcfe2e
 .debug_str     0x0000000000000000    0xc775f ./Core/Src/button.o
                                      0xc7a74 (size before relaxing)
 .debug_str     0x00000000000c775f      0x3dd ./Core/Src/ds3231.o
                                      0xc7bfb (size before relaxing)
 .debug_str     0x00000000000c7b3c      0x3b5 ./Core/Src/fsmc.o
                                      0xc7c71 (size before relaxing)
 .debug_str     0x00000000000c7ef1       0x3c ./Core/Src/gpio.o
                                      0xc774f (size before relaxing)
 .debug_str     0x00000000000c7f2d       0x4b ./Core/Src/i2c.o
                                      0xc7c4f (size before relaxing)
 .debug_str     0x00000000000c7f78     0x3870 ./Core/Src/lcd.o
                                      0xcaf05 (size before relaxing)
 .debug_str     0x00000000000cb7e8       0x98 ./Core/Src/led_7seg.o
                                      0xc7ab0 (size before relaxing)
 .debug_str     0x00000000000cb880      0x4b1 ./Core/Src/main.o
                                      0xcbbf2 (size before relaxing)
 .debug_str     0x00000000000cbd31       0x90 ./Core/Src/rtc.o
                                      0xcb784 (size before relaxing)
 .debug_str     0x00000000000cbdc1      0x128 ./Core/Src/software_timer.o
                                      0xc7c4e (size before relaxing)
 .debug_str     0x00000000000cbee9       0x4b ./Core/Src/spi.o
                                      0xc7bac (size before relaxing)
 .debug_str     0x00000000000cbf34       0x2c ./Core/Src/stm32f4xx_hal_msp.o
                                      0xc76b2 (size before relaxing)