lcd.c:16:6:LCD_WR_REG	16	static
lcd.c:21:6:LCD_WR_DATA	16	static
lcd.c:26:10:LCD_RD_DATA	16	static
lcd.c:34:6:lcd_AddressSet	24	static
lcd.c:50:6:lcd_SetCursor	16	static
lcd.c:60:6:lcd_DisplayOn	8	static
lcd.c:65:6:lcd_DisplayOff	8	static
lcd.c:70:10:lcd_ReadPoint	24	static
lcd.c:84:6:lcd_Clear	24	static
lcd.c:101:6:lcd_Fill	32	static
lcd.c:114:6:lcd_DrawPoint	16	static
lcd.c:120:6:lcd_DrawLine	64	static
lcd.c:154:6:lcd_displayCurrentMode	88	static
lcd.c:160:6:lcd_clear_light	16	static
lcd.c:169:6:lcd_DrawRectangle	32	static
lcd.c:177:6:lcd_ShowChar	40	static
lcd.c:221:10:mypow	24	static
lcd.c:228:6:lcd_ShowIntNum	48	static
lcd.c:250:6:lcd_ShowFloatNum1	56	static
lcd.c:269:6:lcd_ShowPicture	40	static
lcd.c:288:6:lcd_SetDir	16	static
lcd.c:302:6:lcd_init	8	static
lcd.c:413:6:_draw_circle_8	24	static
lcd.c:432:6:lcd_DrawCircle	48	static
lcd.c:468:6:lcd_ShowStr	56	static
lcd.c:497:6:lcd_StrCenter	48	static
lcd.c:503:6:DrawTestPage	32	static
lcd.c:517:6:lcd_Display	16	static
